-- Logs begin at Mon 2017-10-30 07:36:22 UTC, end at Mon 2017-10-30 08:09:26 UTC. --
Oct 30 07:36:22 vagrant systemd-journald[361]: Runtime journal (/run/log/journal/) is 1.2M, max 9.9M, 8.6M free.
Oct 30 07:36:22 vagrant kernel: Initializing cgroup subsys cpuset
Oct 30 07:36:22 vagrant kernel: Initializing cgroup subsys cpu
Oct 30 07:36:22 vagrant kernel: Initializing cgroup subsys cpuacct
Oct 30 07:36:22 vagrant kernel: [0;1;39mLinux version 4.4.0-92-generic (buildd@lcy01-17) (gcc version 5.4.0 20160609 (Ubuntu 5.4.0-6ubuntu1~16.04.4) ) #115-Ubuntu SMP Thu Aug 10 09:04:33 UTC 2017 (Ubuntu 4.4.0-92.115-generic 4.4.76)[0m
Oct 30 07:36:22 vagrant kernel: Command line: BOOT_IMAGE=/vmlinuz-4.4.0-92-generic root=/dev/mapper/vagrant--vg-root ro quiet
Oct 30 07:36:22 vagrant kernel: KERNEL supported cpus:
Oct 30 07:36:22 vagrant kernel:   Intel GenuineIntel
Oct 30 07:36:22 vagrant kernel:   AMD AuthenticAMD
Oct 30 07:36:22 vagrant kernel:   Centaur CentaurHauls
Oct 30 07:36:22 vagrant kernel: x86/fpu: xstate_offset[2]:  576, xstate_sizes[2]:  256
Oct 30 07:36:22 vagrant kernel: x86/fpu: Supporting XSAVE feature 0x01: 'x87 floating point registers'
Oct 30 07:36:22 vagrant kernel: x86/fpu: Supporting XSAVE feature 0x02: 'SSE registers'
Oct 30 07:36:22 vagrant kernel: x86/fpu: Supporting XSAVE feature 0x04: 'AVX registers'
Oct 30 07:36:22 vagrant kernel: x86/fpu: Enabled xstate features 0x7, context size is 832 bytes, using 'standard' format.
Oct 30 07:36:22 vagrant kernel: x86/fpu: Using 'lazy' FPU context switches.
Oct 30 07:36:22 vagrant kernel: e820: BIOS-provided physical RAM map:
Oct 30 07:36:22 vagrant kernel: BIOS-e820: [mem 0x0000000000000000-0x000000000009fbff] usable
Oct 30 07:36:22 vagrant kernel: BIOS-e820: [mem 0x000000000009fc00-0x000000000009ffff] reserved
Oct 30 07:36:22 vagrant kernel: BIOS-e820: [mem 0x00000000000f0000-0x00000000000fffff] reserved
Oct 30 07:36:22 vagrant kernel: BIOS-e820: [mem 0x0000000000100000-0x000000003ffeffff] usable
Oct 30 07:36:22 vagrant kernel: BIOS-e820: [mem 0x000000003fff0000-0x000000003fffffff] ACPI data
Oct 30 07:36:22 vagrant kernel: BIOS-e820: [mem 0x00000000fec00000-0x00000000fec00fff] reserved
Oct 30 07:36:22 vagrant kernel: BIOS-e820: [mem 0x00000000fee00000-0x00000000fee00fff] reserved
Oct 30 07:36:22 vagrant kernel: BIOS-e820: [mem 0x00000000fffc0000-0x00000000ffffffff] reserved
Oct 30 07:36:22 vagrant kernel: NX (Execute Disable) protection: active
Oct 30 07:36:22 vagrant kernel: SMBIOS 2.5 present.
Oct 30 07:36:22 vagrant kernel: DMI: innotek GmbH VirtualBox/VirtualBox, BIOS VirtualBox 12/01/2006
Oct 30 07:36:22 vagrant kernel: Hypervisor detected: KVM
Oct 30 07:36:22 vagrant kernel: e820: update [mem 0x00000000-0x00000fff] usable ==> reserved
Oct 30 07:36:22 vagrant kernel: e820: remove [mem 0x000a0000-0x000fffff] usable
Oct 30 07:36:22 vagrant kernel: e820: last_pfn = 0x3fff0 max_arch_pfn = 0x400000000
Oct 30 07:36:22 vagrant kernel: MTRR default type: uncachable
Oct 30 07:36:22 vagrant kernel: MTRR variable ranges disabled:
Oct 30 07:36:22 vagrant kernel: MTRR: Disabled
Oct 30 07:36:22 vagrant kernel: x86/PAT: MTRRs disabled, skipping PAT initialization too.
Oct 30 07:36:22 vagrant kernel: x86/PAT: Configuration [0-7]: WB  WT  UC- UC  WB  WT  UC- UC  
Oct 30 07:36:22 vagrant kernel: CPU MTRRs all blank - virtualized system.
Oct 30 07:36:22 vagrant kernel: found SMP MP-table at [mem 0x0009fff0-0x0009ffff] mapped at [ffff88000009fff0]
Oct 30 07:36:22 vagrant kernel: Scanning 1 areas for low memory corruption
Oct 30 07:36:22 vagrant kernel: Base memory trampoline at [ffff880000099000] 99000 size 24576
Oct 30 07:36:22 vagrant kernel: BRK [0x0220c000, 0x0220cfff] PGTABLE
Oct 30 07:36:22 vagrant kernel: BRK [0x0220d000, 0x0220dfff] PGTABLE
Oct 30 07:36:22 vagrant kernel: BRK [0x0220e000, 0x0220efff] PGTABLE
Oct 30 07:36:22 vagrant kernel: BRK [0x0220f000, 0x0220ffff] PGTABLE
Oct 30 07:36:22 vagrant kernel: RAMDISK: [mem 0x337bc000-0x35bd5fff]
Oct 30 07:36:22 vagrant kernel: ACPI: Early table checksum verification disabled
Oct 30 07:36:22 vagrant kernel: [0;1;39mACPI: RSDP 0x00000000000E0000 000024 (v02 VBOX  )[0m
Oct 30 07:36:22 vagrant kernel: [0;1;39mACPI: XSDT 0x000000003FFF0030 00003C (v01 VBOX   VBOXXSDT 00000001 ASL  00000061)[0m
Oct 30 07:36:22 vagrant kernel: [0;1;39mACPI: FACP 0x000000003FFF00F0 0000F4 (v04 VBOX   VBOXFACP 00000001 ASL  00000061)[0m
Oct 30 07:36:22 vagrant kernel: [0;1;39mACPI: DSDT 0x000000003FFF0470 0021C8 (v02 VBOX   VBOXBIOS 00000002 INTL 20100528)[0m
Oct 30 07:36:22 vagrant kernel: [0;1;39mACPI: FACS 0x000000003FFF0200 000040[0m
Oct 30 07:36:22 vagrant kernel: [0;1;39mACPI: FACS 0x000000003FFF0200 000040[0m
Oct 30 07:36:22 vagrant kernel: [0;1;39mACPI: APIC 0x000000003FFF0240 000054 (v02 VBOX   VBOXAPIC 00000001 ASL  00000061)[0m
Oct 30 07:36:22 vagrant kernel: [0;1;39mACPI: SSDT 0x000000003FFF02A0 0001CC (v01 VBOX   VBOXCPUT 00000002 INTL 20100528)[0m
Oct 30 07:36:22 vagrant kernel: ACPI: Local APIC address 0xfee00000
Oct 30 07:36:22 vagrant kernel: No NUMA configuration found
Oct 30 07:36:22 vagrant kernel: Faking a node at [mem 0x0000000000000000-0x000000003ffeffff]
Oct 30 07:36:22 vagrant kernel: NODE_DATA(0) allocated [mem 0x3ffeb000-0x3ffeffff]
Oct 30 07:36:22 vagrant kernel: kvm-clock: Using msrs 4b564d01 and 4b564d00
Oct 30 07:36:22 vagrant kernel: kvm-clock: cpu 0, msr 0:3ffe3001, primary cpu clock
Oct 30 07:36:22 vagrant kernel: kvm-clock: using sched offset of 4198101710 cycles
Oct 30 07:36:22 vagrant kernel: clocksource: kvm-clock: mask: 0xffffffffffffffff max_cycles: 0x1cd42e4dffb, max_idle_ns: 881590591483 ns
Oct 30 07:36:22 vagrant kernel: Zone ranges:
Oct 30 07:36:22 vagrant kernel:   DMA      [mem 0x0000000000001000-0x0000000000ffffff]
Oct 30 07:36:22 vagrant kernel:   DMA32    [mem 0x0000000001000000-0x000000003ffeffff]
Oct 30 07:36:22 vagrant kernel:   Normal   empty
Oct 30 07:36:22 vagrant kernel:   Device   empty
Oct 30 07:36:22 vagrant kernel: Movable zone start for each node
Oct 30 07:36:22 vagrant kernel: Early memory node ranges
Oct 30 07:36:22 vagrant kernel:   node   0: [mem 0x0000000000001000-0x000000000009efff]
Oct 30 07:36:22 vagrant kernel:   node   0: [mem 0x0000000000100000-0x000000003ffeffff]
Oct 30 07:36:22 vagrant kernel: Initmem setup node 0 [mem 0x0000000000001000-0x000000003ffeffff]
Oct 30 07:36:22 vagrant kernel: On node 0 totalpages: 262030
Oct 30 07:36:22 vagrant kernel:   DMA zone: 64 pages used for memmap
Oct 30 07:36:22 vagrant kernel:   DMA zone: 21 pages reserved
Oct 30 07:36:22 vagrant kernel:   DMA zone: 3998 pages, LIFO batch:0
Oct 30 07:36:22 vagrant kernel:   DMA32 zone: 4032 pages used for memmap
Oct 30 07:36:22 vagrant kernel:   DMA32 zone: 258032 pages, LIFO batch:31
Oct 30 07:36:22 vagrant kernel: ACPI: PM-Timer IO Port: 0x4008
Oct 30 07:36:22 vagrant kernel: ACPI: Local APIC address 0xfee00000
Oct 30 07:36:22 vagrant kernel: IOAPIC[0]: apic_id 1, version 32, address 0xfec00000, GSI 0-23
Oct 30 07:36:22 vagrant kernel: ACPI: INT_SRC_OVR (bus 0 bus_irq 0 global_irq 2 dfl dfl)
Oct 30 07:36:22 vagrant kernel: ACPI: INT_SRC_OVR (bus 0 bus_irq 9 global_irq 9 high level)
Oct 30 07:36:22 vagrant kernel: ACPI: IRQ0 used by override.
Oct 30 07:36:22 vagrant kernel: ACPI: IRQ9 used by override.
Oct 30 07:36:22 vagrant kernel: Using ACPI (MADT) for SMP configuration information
Oct 30 07:36:22 vagrant kernel: smpboot: Allowing 1 CPUs, 0 hotplug CPUs
Oct 30 07:36:22 vagrant kernel: PM: Registered nosave memory: [mem 0x00000000-0x00000fff]
Oct 30 07:36:22 vagrant kernel: PM: Registered nosave memory: [mem 0x0009f000-0x0009ffff]
Oct 30 07:36:22 vagrant kernel: PM: Registered nosave memory: [mem 0x000a0000-0x000effff]
Oct 30 07:36:22 vagrant kernel: PM: Registered nosave memory: [mem 0x000f0000-0x000fffff]
Oct 30 07:36:22 vagrant kernel: e820: [mem 0x40000000-0xfebfffff] available for PCI devices
Oct 30 07:36:22 vagrant kernel: Booting paravirtualized kernel on KVM
Oct 30 07:36:22 vagrant kernel: clocksource: refined-jiffies: mask: 0xffffffff max_cycles: 0xffffffff, max_idle_ns: 7645519600211568 ns
Oct 30 07:36:22 vagrant kernel: setup_percpu: NR_CPUS:512 nr_cpumask_bits:512 nr_cpu_ids:1 nr_node_ids:1
Oct 30 07:36:22 vagrant kernel: PERCPU: Embedded 33 pages/cpu @ffff88003fc00000 s98264 r8192 d28712 u2097152
Oct 30 07:36:22 vagrant kernel: pcpu-alloc: s98264 r8192 d28712 u2097152 alloc=1*2097152
Oct 30 07:36:22 vagrant kernel: pcpu-alloc: [0] 0 
Oct 30 07:36:22 vagrant kernel: PV qspinlock hash table entries: 256 (order: 0, 4096 bytes)
Oct 30 07:36:22 vagrant kernel: Built 1 zonelists in Node order, mobility grouping on.  Total pages: 257913
Oct 30 07:36:22 vagrant kernel: Policy zone: DMA32
Oct 30 07:36:22 vagrant kernel: [0;1;39mKernel command line: BOOT_IMAGE=/vmlinuz-4.4.0-92-generic root=/dev/mapper/vagrant--vg-root ro quiet[0m
Oct 30 07:36:22 vagrant kernel: PID hash table entries: 4096 (order: 3, 32768 bytes)
Oct 30 07:36:22 vagrant kernel: Calgary: detecting Calgary via BIOS EBDA area
Oct 30 07:36:22 vagrant kernel: Calgary: Unable to locate Rio Grande table in EBDA - bailing!
Oct 30 07:36:22 vagrant kernel: Memory: 975740K/1048120K available (8474K kernel code, 1294K rwdata, 3984K rodata, 1488K init, 1316K bss, 72380K reserved, 0K cma-reserved)
Oct 30 07:36:22 vagrant kernel: SLUB: HWalign=64, Order=0-3, MinObjects=0, CPUs=1, Nodes=1
Oct 30 07:36:22 vagrant kernel: Hierarchical RCU implementation.
Oct 30 07:36:22 vagrant kernel:         Build-time adjustment of leaf fanout to 64.
Oct 30 07:36:22 vagrant kernel:         RCU restricting CPUs from NR_CPUS=512 to nr_cpu_ids=1.
Oct 30 07:36:22 vagrant kernel: RCU: Adjusting geometry for rcu_fanout_leaf=64, nr_cpu_ids=1
Oct 30 07:36:22 vagrant kernel: NR_IRQS:33024 nr_irqs:256 16
Oct 30 07:36:22 vagrant kernel: Console: colour VGA+ 80x25
Oct 30 07:36:22 vagrant kernel: console [tty0] enabled
Oct 30 07:36:22 vagrant kernel: tsc: Detected 2294.770 MHz processor
Oct 30 07:36:22 vagrant kernel: Calibrating delay loop (skipped) preset value.. 4589.54 BogoMIPS (lpj=9179080)
Oct 30 07:36:22 vagrant kernel: pid_max: default: 32768 minimum: 301
Oct 30 07:36:22 vagrant kernel: ACPI: Core revision 20150930
Oct 30 07:36:22 vagrant kernel: [0;1;39mACPI: 2 ACPI AML tables successfully acquired and loaded[0m
Oct 30 07:36:22 vagrant kernel: Security Framework initialized
Oct 30 07:36:22 vagrant kernel: Yama: becoming mindful.
Oct 30 07:36:22 vagrant kernel: AppArmor: AppArmor initialized
Oct 30 07:36:22 vagrant kernel: Dentry cache hash table entries: 131072 (order: 8, 1048576 bytes)
Oct 30 07:36:22 vagrant kernel: Inode-cache hash table entries: 65536 (order: 7, 524288 bytes)
Oct 30 07:36:22 vagrant kernel: Mount-cache hash table entries: 2048 (order: 2, 16384 bytes)
Oct 30 07:36:22 vagrant kernel: Mountpoint-cache hash table entries: 2048 (order: 2, 16384 bytes)
Oct 30 07:36:22 vagrant kernel: Initializing cgroup subsys io
Oct 30 07:36:22 vagrant kernel: Initializing cgroup subsys memory
Oct 30 07:36:22 vagrant kernel: Initializing cgroup subsys devices
Oct 30 07:36:22 vagrant kernel: Initializing cgroup subsys freezer
Oct 30 07:36:22 vagrant kernel: Initializing cgroup subsys net_cls
Oct 30 07:36:22 vagrant kernel: Initializing cgroup subsys perf_event
Oct 30 07:36:22 vagrant kernel: Initializing cgroup subsys net_prio
Oct 30 07:36:22 vagrant kernel: Initializing cgroup subsys hugetlb
Oct 30 07:36:22 vagrant kernel: Initializing cgroup subsys pids
Oct 30 07:36:22 vagrant kernel: CPU: Physical Processor ID: 0
Oct 30 07:36:22 vagrant kernel: mce: CPU supports 0 MCE banks
Oct 30 07:36:22 vagrant kernel: process: using mwait in idle threads
Oct 30 07:36:22 vagrant kernel: Last level iTLB entries: 4KB 512, 2MB 8, 4MB 8
Oct 30 07:36:22 vagrant kernel: Last level dTLB entries: 4KB 512, 2MB 32, 4MB 32, 1GB 0
Oct 30 07:36:22 vagrant kernel: Freeing SMP alternatives memory: 32K (ffffffff820b9000 - ffffffff820c1000)
Oct 30 07:36:22 vagrant kernel: ftrace: allocating 32131 entries in 126 pages
Oct 30 07:36:22 vagrant kernel: smpboot: APIC(0) Converting physical 0 to logical package 0
Oct 30 07:36:22 vagrant kernel: smpboot: Max logical packages: 1
Oct 30 07:36:22 vagrant kernel: x2apic enabled
Oct 30 07:36:22 vagrant kernel: Switched APIC routing to physical x2apic.
Oct 30 07:36:22 vagrant kernel: ..TIMER: vector=0x30 apic1=0 pin1=2 apic2=-1 pin2=-1
Oct 30 07:36:22 vagrant kernel: [0;1;39mAPIC calibration not consistent with PM-Timer: 97ms instead of 100ms[0m
Oct 30 07:36:22 vagrant kernel: APIC delta adjusted to PM-Timer: 6321400 (6182382)
Oct 30 07:36:22 vagrant kernel: smpboot: CPU0: Intel(R) Core(TM) i7-3615QM CPU @ 2.30GHz (family: 0x6, model: 0x3a, stepping: 0x9)
Oct 30 07:36:22 vagrant kernel: Performance Events: unsupported p6 CPU model 58 no PMU driver, software events only.
Oct 30 07:36:22 vagrant kernel: KVM setup paravirtual spinlock
Oct 30 07:36:22 vagrant kernel: x86: Booted up 1 node, 1 CPUs
Oct 30 07:36:22 vagrant kernel: smpboot: Total of 1 processors activated (4589.54 BogoMIPS)
Oct 30 07:36:22 vagrant kernel: devtmpfs: initialized
Oct 30 07:36:22 vagrant kernel: evm: security.selinux
Oct 30 07:36:22 vagrant kernel: evm: security.SMACK64
Oct 30 07:36:22 vagrant kernel: evm: security.SMACK64EXEC
Oct 30 07:36:22 vagrant kernel: evm: security.SMACK64TRANSMUTE
Oct 30 07:36:22 vagrant kernel: evm: security.SMACK64MMAP
Oct 30 07:36:22 vagrant kernel: evm: security.ima
Oct 30 07:36:22 vagrant kernel: evm: security.capability
Oct 30 07:36:22 vagrant kernel: clocksource: jiffies: mask: 0xffffffff max_cycles: 0xffffffff, max_idle_ns: 7645041785100000 ns
Oct 30 07:36:22 vagrant kernel: futex hash table entries: 256 (order: 2, 16384 bytes)
Oct 30 07:36:22 vagrant kernel: pinctrl core: initialized pinctrl subsystem
Oct 30 07:36:22 vagrant kernel: RTC time:  7:36:15, date: 10/30/17
Oct 30 07:36:22 vagrant kernel: NET: Registered protocol family 16
Oct 30 07:36:22 vagrant kernel: cpuidle: using governor ladder
Oct 30 07:36:22 vagrant kernel: cpuidle: using governor menu
Oct 30 07:36:22 vagrant kernel: [0;1;39mPCCT header not found.[0m
Oct 30 07:36:22 vagrant kernel: ACPI: bus type PCI registered
Oct 30 07:36:22 vagrant kernel: acpiphp: ACPI Hot Plug PCI Controller Driver version: 0.5
Oct 30 07:36:22 vagrant kernel: PCI: Using configuration type 1 for base access
Oct 30 07:36:22 vagrant kernel: ACPI: Added _OSI(Module Device)
Oct 30 07:36:22 vagrant kernel: ACPI: Added _OSI(Processor Device)
Oct 30 07:36:22 vagrant kernel: ACPI: Added _OSI(3.0 _SCP Extensions)
Oct 30 07:36:22 vagrant kernel: ACPI: Added _OSI(Processor Aggregator Device)
Oct 30 07:36:22 vagrant kernel: [0;1;39mACPI: Executed 1 blocks of module-level executable AML code[0m
Oct 30 07:36:22 vagrant kernel: ACPI: Interpreter enabled
Oct 30 07:36:22 vagrant kernel: ACPI: (supports S0 S5)
Oct 30 07:36:22 vagrant kernel: ACPI: Using IOAPIC for interrupt routing
Oct 30 07:36:22 vagrant kernel: PCI: Using host bridge windows from ACPI; if necessary, use "pci=nocrs" and report a bug
Oct 30 07:36:22 vagrant kernel: ACPI: PCI Root Bridge [PCI0] (domain 0000 [bus 00-ff])
Oct 30 07:36:22 vagrant kernel: acpi PNP0A03:00: _OSC: OS supports [ASPM ClockPM Segments MSI]
Oct 30 07:36:22 vagrant kernel: acpi PNP0A03:00: _OSC failed (AE_NOT_FOUND); disabling ASPM
Oct 30 07:36:22 vagrant kernel: [0;1;39macpi PNP0A03:00: fail to add MMCONFIG information, can't access extended PCI configuration space under this bridge.[0m
Oct 30 07:36:22 vagrant kernel: PCI host bridge to bus 0000:00
Oct 30 07:36:22 vagrant kernel: pci_bus 0000:00: root bus resource [io  0x0000-0x0cf7 window]
Oct 30 07:36:22 vagrant kernel: pci_bus 0000:00: root bus resource [io  0x0d00-0xffff window]
Oct 30 07:36:22 vagrant kernel: pci_bus 0000:00: root bus resource [mem 0x000a0000-0x000bffff window]
Oct 30 07:36:22 vagrant kernel: pci_bus 0000:00: root bus resource [mem 0x40000000-0xffdfffff window]
Oct 30 07:36:22 vagrant kernel: pci_bus 0000:00: root bus resource [bus 00-ff]
Oct 30 07:36:22 vagrant kernel: pci 0000:00:00.0: [8086:1237] type 00 class 0x060000
Oct 30 07:36:22 vagrant kernel: pci 0000:00:01.0: [8086:7000] type 00 class 0x060100
Oct 30 07:36:22 vagrant kernel: pci 0000:00:01.1: [8086:7111] type 00 class 0x01018a
Oct 30 07:36:22 vagrant kernel: pci 0000:00:01.1: reg 0x20: [io  0xd000-0xd00f]
Oct 30 07:36:22 vagrant kernel: pci 0000:00:01.1: legacy IDE quirk: reg 0x10: [io  0x01f0-0x01f7]
Oct 30 07:36:22 vagrant kernel: pci 0000:00:01.1: legacy IDE quirk: reg 0x14: [io  0x03f6]
Oct 30 07:36:22 vagrant kernel: pci 0000:00:01.1: legacy IDE quirk: reg 0x18: [io  0x0170-0x0177]
Oct 30 07:36:22 vagrant kernel: pci 0000:00:01.1: legacy IDE quirk: reg 0x1c: [io  0x0376]
Oct 30 07:36:22 vagrant kernel: pci 0000:00:02.0: [80ee:beef] type 00 class 0x030000
Oct 30 07:36:22 vagrant kernel: pci 0000:00:02.0: reg 0x10: [mem 0xe0000000-0xe07fffff pref]
Oct 30 07:36:22 vagrant kernel: pci 0000:00:03.0: [8086:100e] type 00 class 0x020000
Oct 30 07:36:22 vagrant kernel: pci 0000:00:03.0: reg 0x10: [mem 0xf0000000-0xf001ffff]
Oct 30 07:36:22 vagrant kernel: pci 0000:00:03.0: reg 0x18: [io  0xd010-0xd017]
Oct 30 07:36:22 vagrant kernel: pci 0000:00:04.0: [80ee:cafe] type 00 class 0x088000
Oct 30 07:36:22 vagrant kernel: pci 0000:00:04.0: reg 0x10: [io  0xd020-0xd03f]
Oct 30 07:36:22 vagrant kernel: pci 0000:00:04.0: reg 0x14: [mem 0xf0400000-0xf07fffff]
Oct 30 07:36:22 vagrant kernel: pci 0000:00:04.0: reg 0x18: [mem 0xf0800000-0xf0803fff pref]
Oct 30 07:36:22 vagrant kernel: pci 0000:00:05.0: [8086:2415] type 00 class 0x040100
Oct 30 07:36:22 vagrant kernel: pci 0000:00:05.0: reg 0x10: [io  0xd100-0xd1ff]
Oct 30 07:36:22 vagrant kernel: pci 0000:00:05.0: reg 0x14: [io  0xd200-0xd23f]
Oct 30 07:36:22 vagrant kernel: pci 0000:00:07.0: [8086:7113] type 00 class 0x068000
Oct 30 07:36:22 vagrant kernel: pci 0000:00:07.0: quirk: [io  0x4000-0x403f] claimed by PIIX4 ACPI
Oct 30 07:36:22 vagrant kernel: pci 0000:00:07.0: quirk: [io  0x4100-0x410f] claimed by PIIX4 SMB
Oct 30 07:36:22 vagrant kernel: pci 0000:00:08.0: [8086:100e] type 00 class 0x020000
Oct 30 07:36:22 vagrant kernel: pci 0000:00:08.0: reg 0x10: [mem 0xf0820000-0xf083ffff]
Oct 30 07:36:22 vagrant kernel: pci 0000:00:08.0: reg 0x18: [io  0xd240-0xd247]
Oct 30 07:36:22 vagrant kernel: pci 0000:00:0d.0: [8086:2829] type 00 class 0x010601
Oct 30 07:36:22 vagrant kernel: pci 0000:00:0d.0: reg 0x10: [io  0xd248-0xd24f]
Oct 30 07:36:22 vagrant kernel: pci 0000:00:0d.0: reg 0x18: [io  0xd258-0xd25f]
Oct 30 07:36:22 vagrant kernel: pci 0000:00:0d.0: reg 0x20: [io  0xd270-0xd27f]
Oct 30 07:36:22 vagrant kernel: pci 0000:00:0d.0: reg 0x24: [mem 0xf0840000-0xf0841fff]
Oct 30 07:36:22 vagrant kernel: ACPI: PCI Interrupt Link [LNKA] (IRQs 5 9 10 *11)
Oct 30 07:36:22 vagrant kernel: ACPI: PCI Interrupt Link [LNKB] (IRQs 5 9 10 *11)
Oct 30 07:36:22 vagrant kernel: ACPI: PCI Interrupt Link [LNKC] (IRQs 5 9 *10 11)
Oct 30 07:36:22 vagrant kernel: ACPI: PCI Interrupt Link [LNKD] (IRQs 5 *9 10 11)
Oct 30 07:36:22 vagrant kernel: [0;1;39mACPI: Enabled 2 GPEs in block 00 to 07[0m
Oct 30 07:36:22 vagrant kernel: vgaarb: setting as boot device: PCI:0000:00:02.0
Oct 30 07:36:22 vagrant kernel: vgaarb: device added: PCI:0000:00:02.0,decodes=io+mem,owns=io+mem,locks=none
Oct 30 07:36:22 vagrant kernel: vgaarb: loaded
Oct 30 07:36:22 vagrant kernel: vgaarb: bridge control possible 0000:00:02.0
Oct 30 07:36:22 vagrant kernel: [0;1;39mSCSI subsystem initialized[0m
Oct 30 07:36:22 vagrant kernel: libata version 3.00 loaded.
Oct 30 07:36:22 vagrant kernel: ACPI: bus type USB registered
Oct 30 07:36:22 vagrant kernel: usbcore: registered new interface driver usbfs
Oct 30 07:36:22 vagrant kernel: usbcore: registered new interface driver hub
Oct 30 07:36:22 vagrant kernel: usbcore: registered new device driver usb
Oct 30 07:36:22 vagrant kernel: PCI: Using ACPI for IRQ routing
Oct 30 07:36:22 vagrant kernel: PCI: pci_cache_line_size set to 64 bytes
Oct 30 07:36:22 vagrant kernel: e820: reserve RAM buffer [mem 0x0009fc00-0x0009ffff]
Oct 30 07:36:22 vagrant kernel: e820: reserve RAM buffer [mem 0x3fff0000-0x3fffffff]
Oct 30 07:36:22 vagrant kernel: NetLabel: Initializing
Oct 30 07:36:22 vagrant kernel: NetLabel:  domain hash size = 128
Oct 30 07:36:22 vagrant kernel: NetLabel:  protocols = UNLABELED CIPSOv4
Oct 30 07:36:22 vagrant kernel: NetLabel:  unlabeled traffic allowed by default
Oct 30 07:36:22 vagrant kernel: [0;1;39mamd_nb: Cannot enumerate AMD northbridges[0m
Oct 30 07:36:22 vagrant kernel: clocksource: Switched to clocksource kvm-clock
Oct 30 07:36:22 vagrant kernel: AppArmor: AppArmor Filesystem Enabled
Oct 30 07:36:22 vagrant kernel: pnp: PnP ACPI init
Oct 30 07:36:22 vagrant kernel: pnp 00:00: Plug and Play ACPI device, IDs PNP0303 (active)
Oct 30 07:36:22 vagrant kernel: pnp 00:01: Plug and Play ACPI device, IDs PNP0f03 (active)
Oct 30 07:36:22 vagrant kernel: pnp: PnP ACPI: found 2 devices
Oct 30 07:36:22 vagrant kernel: clocksource: acpi_pm: mask: 0xffffff max_cycles: 0xffffff, max_idle_ns: 2085701024 ns
Oct 30 07:36:22 vagrant kernel: pci_bus 0000:00: resource 4 [io  0x0000-0x0cf7 window]
Oct 30 07:36:22 vagrant kernel: pci_bus 0000:00: resource 5 [io  0x0d00-0xffff window]
Oct 30 07:36:22 vagrant kernel: pci_bus 0000:00: resource 6 [mem 0x000a0000-0x000bffff window]
Oct 30 07:36:22 vagrant kernel: pci_bus 0000:00: resource 7 [mem 0x40000000-0xffdfffff window]
Oct 30 07:36:22 vagrant kernel: NET: Registered protocol family 2
Oct 30 07:36:22 vagrant kernel: TCP established hash table entries: 8192 (order: 4, 65536 bytes)
Oct 30 07:36:22 vagrant kernel: TCP bind hash table entries: 8192 (order: 5, 131072 bytes)
Oct 30 07:36:22 vagrant kernel: TCP: Hash tables configured (established 8192 bind 8192)
Oct 30 07:36:22 vagrant kernel: UDP hash table entries: 512 (order: 2, 16384 bytes)
Oct 30 07:36:22 vagrant kernel: UDP-Lite hash table entries: 512 (order: 2, 16384 bytes)
Oct 30 07:36:22 vagrant kernel: NET: Registered protocol family 1
Oct 30 07:36:22 vagrant kernel: pci 0000:00:00.0: Limiting direct PCI/PCI transfers
Oct 30 07:36:22 vagrant kernel: pci 0000:00:01.0: Activating ISA DMA hang workarounds
Oct 30 07:36:22 vagrant kernel: pci 0000:00:02.0: Video device with shadowed ROM
Oct 30 07:36:22 vagrant kernel: PCI: CLS 0 bytes, default 64
Oct 30 07:36:22 vagrant kernel: Unpacking initramfs...
Oct 30 07:36:22 vagrant kernel: Freeing initrd memory: 36968K (ffff8800337bc000 - ffff880035bd6000)
Oct 30 07:36:22 vagrant kernel: RAPL PMU detected, API unit is 2^-32 Joules, 3 fixed counters 10737418240 ms ovfl timer
Oct 30 07:36:22 vagrant kernel: hw unit of domain pp0-core 2^-0 Joules
Oct 30 07:36:22 vagrant kernel: hw unit of domain package 2^-0 Joules
Oct 30 07:36:22 vagrant kernel: hw unit of domain pp1-gpu 2^-0 Joules
Oct 30 07:36:22 vagrant kernel: platform rtc_cmos: registered platform RTC device (no PNP device found)
Oct 30 07:36:22 vagrant kernel: Scanning for low memory corruption every 60 seconds
Oct 30 07:36:22 vagrant kernel: audit: initializing netlink subsys (disabled)
Oct 30 07:36:22 vagrant kernel: [0;1;39maudit: type=2000 audit(1509348981.566:1): initialized[0m
Oct 30 07:36:22 vagrant kernel: [0;1;39mInitialise system trusted keyring[0m
Oct 30 07:36:22 vagrant kernel: HugeTLB registered 2 MB page size, pre-allocated 0 pages
Oct 30 07:36:22 vagrant kernel: zbud: loaded
Oct 30 07:36:22 vagrant kernel: [0;1;39mVFS: Disk quotas dquot_6.6.0[0m
Oct 30 07:36:22 vagrant kernel: VFS: Dquot-cache hash table entries: 512 (order 0, 4096 bytes)
Oct 30 07:36:22 vagrant kernel: squashfs: version 4.0 (2009/01/31) Phillip Lougher
Oct 30 07:36:22 vagrant kernel: fuse init (API version 7.23)
Oct 30 07:36:22 vagrant kernel: [0;1;39mKey type big_key registered[0m
Oct 30 07:36:22 vagrant kernel: [0;1;39mAllocating IMA MOK and blacklist keyrings.[0m
Oct 30 07:36:22 vagrant kernel: [0;1;39mKey type asymmetric registered[0m
Oct 30 07:36:22 vagrant kernel: [0;1;39mAsymmetric key parser 'x509' registered[0m
Oct 30 07:36:22 vagrant kernel: Block layer SCSI generic (bsg) driver version 0.4 loaded (major 249)
Oct 30 07:36:22 vagrant kernel: io scheduler noop registered
Oct 30 07:36:22 vagrant kernel: io scheduler deadline registered (default)
Oct 30 07:36:22 vagrant kernel: io scheduler cfq registered
Oct 30 07:36:22 vagrant kernel: pci_hotplug: PCI Hot Plug PCI Core version: 0.5
Oct 30 07:36:22 vagrant kernel: pciehp: PCI Express Hot Plug Controller Driver version: 0.4
Oct 30 07:36:22 vagrant kernel: ACPI: AC Adapter [AC] (on-line)
Oct 30 07:36:22 vagrant kernel: input: Power Button as /devices/LNXSYSTM:00/LNXPWRBN:00/input/input0
Oct 30 07:36:22 vagrant kernel: ACPI: Power Button [PWRF]
Oct 30 07:36:22 vagrant kernel: input: Sleep Button as /devices/LNXSYSTM:00/LNXSLPBN:00/input/input1
Oct 30 07:36:22 vagrant kernel: ACPI: Sleep Button [SLPF]
Oct 30 07:36:22 vagrant kernel: GHES: HEST is not enabled!
Oct 30 07:36:22 vagrant kernel: ACPI: Battery Slot [BAT0] (battery present)
Oct 30 07:36:22 vagrant kernel: Serial: 8250/16550 driver, 32 ports, IRQ sharing enabled
Oct 30 07:36:22 vagrant kernel: Linux agpgart interface v0.103
Oct 30 07:36:22 vagrant kernel: loop: module loaded
Oct 30 07:36:22 vagrant kernel: ata_piix 0000:00:01.1: version 2.13
Oct 30 07:36:22 vagrant kernel: scsi host0: ata_piix
Oct 30 07:36:22 vagrant kernel: scsi host1: ata_piix
Oct 30 07:36:22 vagrant kernel: ata1: PATA max UDMA/33 cmd 0x1f0 ctl 0x3f6 bmdma 0xd000 irq 14
Oct 30 07:36:22 vagrant kernel: ata2: PATA max UDMA/33 cmd 0x170 ctl 0x376 bmdma 0xd008 irq 15
Oct 30 07:36:22 vagrant kernel: libphy: Fixed MDIO Bus: probed
Oct 30 07:36:22 vagrant kernel: tun: Universal TUN/TAP device driver, 1.6
Oct 30 07:36:22 vagrant kernel: tun: (C) 1999-2004 Max Krasnyansky <maxk@qualcomm.com>
Oct 30 07:36:22 vagrant kernel: PPP generic driver version 2.4.2
Oct 30 07:36:22 vagrant kernel: ehci_hcd: USB 2.0 'Enhanced' Host Controller (EHCI) Driver
Oct 30 07:36:22 vagrant kernel: ehci-pci: EHCI PCI platform driver
Oct 30 07:36:22 vagrant kernel: ehci-platform: EHCI generic platform driver
Oct 30 07:36:22 vagrant kernel: ohci_hcd: USB 1.1 'Open' Host Controller (OHCI) Driver
Oct 30 07:36:22 vagrant kernel: ohci-pci: OHCI PCI platform driver
Oct 30 07:36:22 vagrant kernel: ohci-platform: OHCI generic platform driver
Oct 30 07:36:22 vagrant kernel: uhci_hcd: USB Universal Host Controller Interface driver
Oct 30 07:36:22 vagrant kernel: i8042: PNP: PS/2 Controller [PNP0303:PS2K,PNP0f03:PS2M] at 0x60,0x64 irq 1,12
Oct 30 07:36:22 vagrant kernel: serio: i8042 KBD port at 0x60,0x64 irq 1
Oct 30 07:36:22 vagrant kernel: serio: i8042 AUX port at 0x60,0x64 irq 12
Oct 30 07:36:22 vagrant kernel: mousedev: PS/2 mouse device common for all mice
Oct 30 07:36:22 vagrant kernel: input: AT Translated Set 2 keyboard as /devices/platform/i8042/serio0/input/input2
Oct 30 07:36:22 vagrant kernel: rtc_cmos rtc_cmos: rtc core: registered rtc_cmos as rtc0
Oct 30 07:36:22 vagrant kernel: rtc_cmos rtc_cmos: alarms up to one day, 114 bytes nvram
Oct 30 07:36:22 vagrant kernel: i2c /dev entries driver
Oct 30 07:36:22 vagrant kernel: device-mapper: uevent: version 1.0.3
Oct 30 07:36:22 vagrant kernel: device-mapper: ioctl: 4.34.0-ioctl (2015-10-28) initialised: dm-devel@redhat.com
Oct 30 07:36:22 vagrant kernel: ledtrig-cpu: registered to indicate activity on CPUs
Oct 30 07:36:22 vagrant kernel: NET: Registered protocol family 10
Oct 30 07:36:22 vagrant kernel: NET: Registered protocol family 17
Oct 30 07:36:22 vagrant kernel: [0;1;39mKey type dns_resolver registered[0m
Oct 30 07:36:22 vagrant kernel: microcode: CPU0 sig=0x306a9, pf=0x2, revision=0x19
Oct 30 07:36:22 vagrant kernel: microcode: Microcode Update Driver: v2.01 <tigran@aivazian.fsnet.co.uk>, Peter Oruba
Oct 30 07:36:22 vagrant kernel: registered taskstats version 1
Oct 30 07:36:22 vagrant kernel: [0;1;39mLoading compiled-in X.509 certificates[0m
Oct 30 07:36:22 vagrant kernel: [0;1;39mLoaded X.509 cert 'Build time autogenerated kernel key: 01a2b0d0dba8d37a863918580fc16590a7d146c8'[0m
Oct 30 07:36:22 vagrant kernel: zswap: loaded using pool lzo/zbud
Oct 30 07:36:22 vagrant kernel: [0;1;39mKey type trusted registered[0m
Oct 30 07:36:22 vagrant kernel: [0;1;39mKey type encrypted registered[0m
Oct 30 07:36:22 vagrant kernel: AppArmor: AppArmor sha1 policy hashing enabled
Oct 30 07:36:22 vagrant kernel: ima: No TPM chip found, activating TPM-bypass!
Oct 30 07:36:22 vagrant kernel: evm: HMAC attrs: 0x1
Oct 30 07:36:22 vagrant kernel:   Magic number: 5:601:623
Oct 30 07:36:22 vagrant kernel: rtc_cmos rtc_cmos: setting system clock to 2017-10-30 07:36:16 UTC (1509348976)
Oct 30 07:36:22 vagrant kernel: BIOS EDD facility v0.16 2004-Jun-25, 0 devices found
Oct 30 07:36:22 vagrant kernel: EDD information not available.
Oct 30 07:36:22 vagrant kernel: PM: Hibernation image not present or could not be loaded.
Oct 30 07:36:22 vagrant kernel: Freeing unused kernel memory: 1488K (ffffffff81f45000 - ffffffff820b9000)
Oct 30 07:36:22 vagrant kernel: Write protecting the kernel read-only data: 14336k
Oct 30 07:36:22 vagrant kernel: Freeing unused kernel memory: 1752K (ffff88000184a000 - ffff880001a00000)
Oct 30 07:36:22 vagrant kernel: Freeing unused kernel memory: 112K (ffff880001de4000 - ffff880001e00000)
Oct 30 07:36:22 vagrant kernel: [0;1;39mrandom: udevadm: uninitialized urandom read (16 bytes read, 1 bits of entropy available)[0m
Oct 30 07:36:22 vagrant kernel: [0;1;39mrandom: udevadm: uninitialized urandom read (16 bytes read, 1 bits of entropy available)[0m
Oct 30 07:36:22 vagrant kernel: [0;1;39mrandom: udevadm: uninitialized urandom read (16 bytes read, 1 bits of entropy available)[0m
Oct 30 07:36:22 vagrant kernel: [0;1;39mrandom: udevadm: uninitialized urandom read (16 bytes read, 1 bits of entropy available)[0m
Oct 30 07:36:22 vagrant kernel: [0;1;39mrandom: udevadm: uninitialized urandom read (16 bytes read, 1 bits of entropy available)[0m
Oct 30 07:36:22 vagrant kernel: [0;1;39mrandom: udevadm: uninitialized urandom read (16 bytes read, 1 bits of entropy available)[0m
Oct 30 07:36:22 vagrant kernel: [0;1;39mrandom: udevadm: uninitialized urandom read (16 bytes read, 1 bits of entropy available)[0m
Oct 30 07:36:22 vagrant kernel: [0;1;39mrandom: udevadm: uninitialized urandom read (16 bytes read, 1 bits of entropy available)[0m
Oct 30 07:36:22 vagrant kernel: [0;1;39mrandom: udevadm: uninitialized urandom read (16 bytes read, 1 bits of entropy available)[0m
Oct 30 07:36:22 vagrant kernel: [0;1;39mrandom: udevadm: uninitialized urandom read (16 bytes read, 1 bits of entropy available)[0m
Oct 30 07:36:22 vagrant kernel: ACPI: Video Device [GFX0] (multi-head: yes  rom: no  post: no)
Oct 30 07:36:22 vagrant kernel: input: Video Bus as /devices/LNXSYSTM:00/LNXSYBUS:00/PNP0A03:00/LNXVIDEO:00/input/input4
Oct 30 07:36:22 vagrant kernel: FUJITSU Extended Socket Network Device Driver - version 1.0 - Copyright (c) 2015 FUJITSU LIMITED
Oct 30 07:36:22 vagrant kernel: e1000: Intel(R) PRO/1000 Network Driver - version 7.3.21-k8-NAPI
Oct 30 07:36:22 vagrant kernel: e1000: Copyright (c) 1999-2006 Intel Corporation.
Oct 30 07:36:22 vagrant kernel: AVX version of gcm_enc/dec engaged.
Oct 30 07:36:22 vagrant kernel: AES CTR mode by8 optimization enabled
Oct 30 07:36:22 vagrant kernel: input: ImExPS/2 Generic Explorer Mouse as /devices/platform/i8042/serio1/input/input5
Oct 30 07:36:22 vagrant kernel: e1000 0000:00:03.0 eth0: (PCI:33MHz:32-bit) 08:00:27:a8:df:8b
Oct 30 07:36:22 vagrant kernel: e1000 0000:00:03.0 eth0: Intel(R) PRO/1000 Network Connection
Oct 30 07:36:22 vagrant kernel: ahci 0000:00:0d.0: version 3.0
Oct 30 07:36:22 vagrant kernel: ahci 0000:00:0d.0: SSS flag set, parallel bus scan disabled
Oct 30 07:36:22 vagrant kernel: ahci 0000:00:0d.0: AHCI 0001.0100 32 slots 1 ports 3 Gbps 0x1 impl SATA mode
Oct 30 07:36:22 vagrant kernel: ahci 0000:00:0d.0: flags: 64bit ncq stag only ccc 
Oct 30 07:36:22 vagrant kernel: scsi host2: ahci
Oct 30 07:36:22 vagrant kernel: ata3: SATA max UDMA/133 abar m8192@0xf0840000 port 0xf0840100 irq 21
Oct 30 07:36:22 vagrant kernel: ata3: SATA link up 3.0 Gbps (SStatus 123 SControl 300)
Oct 30 07:36:22 vagrant kernel: ata3.00: ATA-6: VBOX HARDDISK, 1.0, max UDMA/133
Oct 30 07:36:22 vagrant kernel: ata3.00: 83886080 sectors, multi 128: LBA48 NCQ (depth 31/32)
Oct 30 07:36:22 vagrant kernel: ata3.00: configured for UDMA/133
Oct 30 07:36:22 vagrant kernel: [0;1;39mscsi 2:0:0:0: Direct-Access     ATA      VBOX HARDDISK    1.0  PQ: 0 ANSI: 5[0m
Oct 30 07:36:22 vagrant kernel: [0;1;39msd 2:0:0:0: [sda] 83886080 512-byte logical blocks: (42.9 GB/40.0 GiB)[0m
Oct 30 07:36:22 vagrant kernel: [0;1;39msd 2:0:0:0: [sda] Write Protect is off[0m
Oct 30 07:36:22 vagrant kernel: sd 2:0:0:0: [sda] Mode Sense: 00 3a 00 00
Oct 30 07:36:22 vagrant kernel: [0;1;39msd 2:0:0:0: [sda] Write cache: enabled, read cache: enabled, doesn't support DPO or FUA[0m
Oct 30 07:36:22 vagrant kernel: [0;1;39msd 2:0:0:0: Attached scsi generic sg0 type 0[0m
Oct 30 07:36:22 vagrant kernel:  sda: sda1 sda2 < sda5 >
Oct 30 07:36:22 vagrant kernel: [0;1;39msd 2:0:0:0: [sda] Attached SCSI disk[0m
Oct 30 07:36:22 vagrant kernel: tsc: Refined TSC clocksource calibration: 2294.206 MHz
Oct 30 07:36:22 vagrant kernel: clocksource: tsc: mask: 0xffffffffffffffff max_cycles: 0x2111d39e245, max_idle_ns: 440795207007 ns
Oct 30 07:36:22 vagrant kernel: e1000 0000:00:08.0 eth1: (PCI:33MHz:32-bit) 08:00:27:5c:15:a0
Oct 30 07:36:22 vagrant kernel: e1000 0000:00:08.0 eth1: Intel(R) PRO/1000 Network Connection
Oct 30 07:36:22 vagrant kernel: e1000 0000:00:08.0 enp0s8: renamed from eth1
Oct 30 07:36:22 vagrant kernel: e1000 0000:00:03.0 enp0s3: renamed from eth0
Oct 30 07:36:22 vagrant kernel: floppy0: no floppy controllers found
Oct 30 07:36:22 vagrant kernel: work still pending
Oct 30 07:36:22 vagrant kernel: md: linear personality registered for level -1
Oct 30 07:36:22 vagrant kernel: md: multipath personality registered for level -4
Oct 30 07:36:22 vagrant kernel: md: raid0 personality registered for level 0
Oct 30 07:36:22 vagrant kernel: md: raid1 personality registered for level 1
Oct 30 07:36:22 vagrant kernel: raid6: sse2x1   gen()  8494 MB/s
Oct 30 07:36:22 vagrant kernel: raid6: sse2x1   xor()  7318 MB/s
Oct 30 07:36:22 vagrant kernel: raid6: sse2x2   gen() 11161 MB/s
Oct 30 07:36:22 vagrant kernel: raid6: sse2x2   xor()  6650 MB/s
Oct 30 07:36:22 vagrant kernel: raid6: sse2x4   gen() 10740 MB/s
Oct 30 07:36:22 vagrant kernel: raid6: sse2x4   xor()  9901 MB/s
Oct 30 07:36:22 vagrant kernel: raid6: using algorithm sse2x2 gen() 11161 MB/s
Oct 30 07:36:22 vagrant kernel: raid6: .... xor() 6650 MB/s, rmw enabled
Oct 30 07:36:22 vagrant kernel: raid6: using ssse3x2 recovery algorithm
Oct 30 07:36:22 vagrant kernel: xor: automatically using best checksumming function:
Oct 30 07:36:22 vagrant kernel:    avx       : 43164.000 MB/sec
Oct 30 07:36:22 vagrant kernel: async_tx: api initialized (async)
Oct 30 07:36:22 vagrant kernel: md: raid6 personality registered for level 6
Oct 30 07:36:22 vagrant kernel: md: raid5 personality registered for level 5
Oct 30 07:36:22 vagrant kernel: md: raid4 personality registered for level 4
Oct 30 07:36:22 vagrant kernel: md: raid10 personality registered for level 10
Oct 30 07:36:22 vagrant kernel: Btrfs loaded
Oct 30 07:36:22 vagrant kernel: EXT4-fs (dm-0): mounted filesystem with ordered data mode. Opts: (null)
Oct 30 07:36:22 vagrant systemd[1]: systemd 229 running in system mode. (+PAM +AUDIT +SELINUX +IMA +APPARMOR +SMACK +SYSVINIT +UTMP +LIBCRYPTSETUP +GCRYPT +GNUTLS +ACL +XZ -LZ4 +SECCOMP +BLKID +ELFUTILS +KMOD -IDN)
Oct 30 07:36:22 vagrant systemd[1]: Detected virtualization oracle.
Oct 30 07:36:22 vagrant systemd[1]: Detected architecture x86-64.
Oct 30 07:36:22 vagrant systemd[1]: Set hostname to <vagrant>.
Oct 30 07:36:22 vagrant systemd[1]: Listening on Device-mapper event daemon FIFOs.
Oct 30 07:36:22 vagrant systemd[1]: Listening on LVM2 metadata daemon socket.
Oct 30 07:36:22 vagrant systemd[1]: Reached target Encrypted Volumes.
Oct 30 07:36:22 vagrant systemd[1]: Listening on LVM2 poll daemon socket.
Oct 30 07:36:22 vagrant systemd[1]: Listening on fsck to fsckd communication Socket.
Oct 30 07:36:22 vagrant systemd[1]: Listening on udev Control Socket.
Oct 30 07:36:22 vagrant systemd[1]: Started Trigger resolvconf update for networkd DNS.
Oct 30 07:36:22 vagrant systemd[1]: Listening on Syslog Socket.
Oct 30 07:36:22 vagrant systemd[1]: Created slice System Slice.
Oct 30 07:36:22 vagrant systemd[1]: Created slice system-postgresql.slice.
Oct 30 07:36:22 vagrant systemd[1]: Reached target User and Group Name Lookups.
Oct 30 07:36:22 vagrant systemd[1]: Listening on Journal Socket (/dev/log).
Oct 30 07:36:22 vagrant systemd[1]: Set up automount Arbitrary Executable File Formats File System Automount Point.
Oct 30 07:36:22 vagrant systemd[1]: Listening on Journal Audit Socket.
Oct 30 07:36:22 vagrant systemd[1]: Listening on Journal Socket.
Oct 30 07:36:22 vagrant systemd[1]: Starting Journal Service...
Oct 30 07:36:22 vagrant systemd[1]: Mounting RPC Pipe File System...
Oct 30 07:36:22 vagrant systemd[1]: Starting Set console keymap...
Oct 30 07:36:22 vagrant systemd[1]: Starting Uncomplicated firewall...
Oct 30 07:36:22 vagrant systemd[1]: Starting Load Kernel Modules...
Oct 30 07:36:22 vagrant systemd[1]: Starting Create list of required static device nodes for the current kernel...
Oct 30 07:36:22 vagrant systemd[1]: Starting Nameserver information manager...
Oct 30 07:36:22 vagrant systemd[1]: Mounting Huge Pages File System...
Oct 30 07:36:22 vagrant systemd[1]: Starting Monitoring of LVM2 mirrors, snapshots etc. using dmeventd or progress polling...
Oct 30 07:36:22 vagrant systemd[1]: Mounting POSIX Message Queue File System...
Oct 30 07:36:22 vagrant systemd[1]: Mounting Debug File System...
Oct 30 07:36:22 vagrant systemd[1]: Starting Remount Root and Kernel File Systems...
Oct 30 07:36:22 vagrant systemd[1]: Created slice User and Session Slice.
Oct 30 07:36:22 vagrant systemd[1]: Reached target Slices.
Oct 30 07:36:22 vagrant systemd[1]: Listening on udev Kernel Socket.
Oct 30 07:36:22 vagrant systemd[1]: Started Forward Password Requests to Wall Directory Watch.
Oct 30 07:36:22 vagrant systemd[1]: Listening on /dev/initctl Compatibility Named Pipe.
Oct 30 07:36:22 vagrant systemd[1]: Created slice system-systemd\x2dfsck.slice.
Oct 30 07:36:22 vagrant systemd[1]: Mounted POSIX Message Queue File System.
Oct 30 07:36:22 vagrant systemd[1]: Started Uncomplicated firewall.
Oct 30 07:36:22 vagrant systemd[1]: Started Create list of required static device nodes for the current kernel.
Oct 30 07:36:22 vagrant systemd[1]: Mounted Huge Pages File System.
Oct 30 07:36:22 vagrant systemd[1]: Mounted Debug File System.
Oct 30 07:36:22 vagrant kernel: EXT4-fs (dm-0): re-mounted. Opts: errors=remount-ro
Oct 30 07:36:22 vagrant systemd[1]: Started Remount Root and Kernel File Systems.
Oct 30 07:36:22 vagrant systemd[1]: Started Nameserver information manager.
Oct 30 07:36:22 vagrant kernel: RPC: Registered named UNIX socket transport module.
Oct 30 07:36:22 vagrant kernel: RPC: Registered udp transport module.
Oct 30 07:36:22 vagrant kernel: RPC: Registered tcp transport module.
Oct 30 07:36:22 vagrant kernel: RPC: Registered tcp NFSv4.1 backchannel transport module.
Oct 30 07:36:22 vagrant systemd[1]: Mounted RPC Pipe File System.
Oct 30 07:36:22 vagrant kernel: Loading iSCSI transport class v2.0-870.
Oct 30 07:36:22 vagrant systemd-journald[361]: Journal started
Oct 30 07:36:22 vagrant systemd[1]: Started Journal Service.
Oct 30 07:36:22 vagrant kernel: [0;1;39miscsi: registered transport (tcp)[0m
Oct 30 07:36:22 vagrant systemd-modules-load[371]: Inserted module 'iscsi_tcp'
Oct 30 07:36:22 vagrant systemd[1]: Started LVM2 metadata daemon.
Oct 30 07:36:22 vagrant systemd[1]: Reached target Network (Pre).
Oct 30 07:36:22 vagrant systemd[1]: Starting Load/Save Random Seed...
Oct 30 07:36:22 vagrant systemd[1]: Starting udev Coldplug all Devices...
Oct 30 07:36:22 vagrant systemd[1]: Starting Flush Journal to Persistent Storage...
Oct 30 07:36:22 vagrant systemd[1]: Starting Create Static Device Nodes in /dev...
Oct 30 07:36:22 vagrant systemd[1]: Started Load/Save Random Seed.
Oct 30 07:36:22 vagrant systemd[1]: Started Flush Journal to Persistent Storage.
Oct 30 07:36:22 vagrant systemd[1]: Started Create Static Device Nodes in /dev.
Oct 30 07:36:22 vagrant systemd[1]: Starting udev Kernel Device Manager...
Oct 30 07:36:22 vagrant systemd-modules-load[371]: Inserted module 'ib_iser'
Oct 30 07:36:22 vagrant kernel: [0;1;39miscsi: registered transport (iser)[0m
Oct 30 07:36:22 vagrant systemd[1]: Started Load Kernel Modules.
Oct 30 07:36:22 vagrant systemd[1]: Mounting FUSE Control File System...
Oct 30 07:36:22 vagrant systemd[1]: Starting Apply Kernel Variables...
Oct 30 07:36:22 vagrant systemd[1]: Mounted FUSE Control File System.
Oct 30 07:36:22 vagrant systemd[1]: Started Apply Kernel Variables.
Oct 30 07:36:22 vagrant loadkeys[363]: Loading /etc/console-setup/cached.kmap.gz
Oct 30 07:36:22 vagrant systemd[1]: Started Set console keymap.
Oct 30 07:36:22 vagrant systemd[1]: Started udev Kernel Device Manager.
Oct 30 07:36:22 vagrant systemd[1]: Started udev Coldplug all Devices.
Oct 30 07:36:22 vagrant systemd[1]: Started Dispatch Password Requests to Console Directory Watch.
Oct 30 07:36:22 vagrant kernel: [0;1;39mvboxguest: module verification failed: signature and/or required key missing - tainting kernel[0m
Oct 30 07:36:22 vagrant kernel: piix4_smbus 0000:00:07.0: SMBus Host Controller at 0x4100, revision 0
Oct 30 07:36:22 vagrant kernel: [0;1;39mvgdrvHeartbeatInit: Setting up heartbeat to trigger every 2000 milliseconds[0m
Oct 30 07:36:22 vagrant kernel: input: Unspecified device as /devices/pci0000:00/0000:00:04.0/input/input6
Oct 30 07:36:22 vagrant lvm[380]:   2 logical volume(s) in volume group "vagrant-vg" monitored
Oct 30 07:36:22 vagrant systemd[1]: Started Monitoring of LVM2 mirrors, snapshots etc. using dmeventd or progress polling.
Oct 30 07:36:22 vagrant systemd[1]: Reached target Local File Systems (Pre).
Oct 30 07:36:22 vagrant kernel: [drm] Initialized drm 1.1.0 20060810
Oct 30 07:36:22 vagrant kernel: [0;1;39mvboxguest: misc device minor 55, IRQ 20, I/O port d020, MMIO at 00000000f0400000 (size 0x400000)[0m
Oct 30 07:36:22 vagrant kernel: vboxguest: Successfully loaded version 5.1.26 (interface 0x00010004)
Oct 30 07:36:22 vagrant kernel: snd_intel8x0 0000:00:05.0: disable (unknown or VT-d) VM optimization
Oct 30 07:36:22 vagrant kernel: [0;1;31mintel_rapl: no valid rapl domains found in package 0[0m
Oct 30 07:36:22 vagrant systemd[1]: Found device 82540EM Gigabit Ethernet Controller (PRO/1000 MT Desktop Adapter).
Oct 30 07:36:22 vagrant systemd[1]: Found device 82540EM Gigabit Ethernet Controller (PRO/1000 MT Desktop Adapter).
Oct 30 07:36:22 vagrant systemd-udevd[478]: [0;1;39mProcess '/lib/udev/hdparm' failed with exit code 5.[0m
Oct 30 07:36:22 vagrant systemd[1]: Listening on Load/Save RF Kill Switch Status /dev/rfkill Watch.
Oct 30 07:36:23 vagrant systemd[1]: Found device VBOX_HARDDISK 1.
Oct 30 07:36:23 vagrant systemd[1]: Starting File System Check on /dev/disk/by-uuid/a6b1e373-828a-449a-8114-f80d364f1165...
Oct 30 07:36:23 vagrant systemd[1]: Started File System Check Daemon to report status.
Oct 30 07:36:23 vagrant systemd-fsck[632]: /dev/sda1: clean, 303/124928 files, 74354/498688 blocks
Oct 30 07:36:23 vagrant systemd[1]: Started File System Check on /dev/disk/by-uuid/a6b1e373-828a-449a-8114-f80d364f1165.
Oct 30 07:36:23 vagrant systemd[1]: Mounting /boot...
Oct 30 07:36:23 vagrant systemd[1]: Mounted /boot.
Oct 30 07:36:23 vagrant systemd[1]: Reached target Local File Systems.
Oct 30 07:36:23 vagrant systemd[1]: Starting Create Volatile Files and Directories...
Oct 30 07:36:23 vagrant systemd[1]: Starting LSB: AppArmor initialization...
Oct 30 07:36:23 vagrant systemd[1]: Starting Preprocess NFS configuration...
Oct 30 07:36:23 vagrant systemd[1]: Starting Tell Plymouth To Write Out Runtime Data...
Oct 30 07:36:23 vagrant systemd[1]: Starting Set console font and keymap...
Oct 30 07:36:23 vagrant kernel: EXT4-fs (sda1): mounting ext2 file system using the ext4 subsystem
Oct 30 07:36:23 vagrant kernel: EXT4-fs (sda1): mounted filesystem without journal. Opts: (null)
Oct 30 07:36:23 vagrant systemd-tmpfiles[654]: [0;1;39m[/usr/lib/tmpfiles.d/var.conf:14] Duplicate line for path "/var/log", ignoring.[0m
Oct 30 07:36:23 vagrant systemd[1]: Started Preprocess NFS configuration.
Oct 30 07:36:23 vagrant systemd[1]: Started Tell Plymouth To Write Out Runtime Data.
Oct 30 07:36:23 vagrant systemd[1]: Reached target NFS client services.
Oct 30 07:36:23 vagrant apparmor[655]:  * Starting AppArmor profiles
Oct 30 07:36:23 vagrant systemd[1]: Started Create Volatile Files and Directories.
Oct 30 07:36:23 vagrant systemd[1]: Starting Update UTMP about System Boot/Shutdown...
Oct 30 07:36:23 vagrant systemd[1]: Reached target System Time Synchronized.
Oct 30 07:36:23 vagrant systemd[1]: Started Update UTMP about System Boot/Shutdown.
Oct 30 07:36:23 vagrant audit[761]: AVC apparmor="STATUS" operation="profile_load" profile="unconfined" name="lxc-container-default" pid=761 comm="apparmor_parser"
Oct 30 07:36:23 vagrant audit[761]: AVC apparmor="STATUS" operation="profile_load" profile="unconfined" name="lxc-container-default-cgns" pid=761 comm="apparmor_parser"
Oct 30 07:36:23 vagrant audit[761]: AVC apparmor="STATUS" operation="profile_load" profile="unconfined" name="lxc-container-default-with-mounting" pid=761 comm="apparmor_parser"
Oct 30 07:36:23 vagrant audit[761]: AVC apparmor="STATUS" operation="profile_load" profile="unconfined" name="lxc-container-default-with-nesting" pid=761 comm="apparmor_parser"
Oct 30 07:36:23 vagrant audit[762]: AVC apparmor="STATUS" operation="profile_load" profile="unconfined" name="/sbin/dhclient" pid=762 comm="apparmor_parser"
Oct 30 07:36:23 vagrant audit[762]: AVC apparmor="STATUS" operation="profile_load" profile="unconfined" name="/usr/lib/NetworkManager/nm-dhcp-client.action" pid=762 comm="apparmor_parser"
Oct 30 07:36:23 vagrant audit[762]: AVC apparmor="STATUS" operation="profile_load" profile="unconfined" name="/usr/lib/NetworkManager/nm-dhcp-helper" pid=762 comm="apparmor_parser"
Oct 30 07:36:23 vagrant audit[762]: AVC apparmor="STATUS" operation="profile_load" profile="unconfined" name="/usr/lib/connman/scripts/dhclient-script" pid=762 comm="apparmor_parser"
Oct 30 07:36:23 vagrant audit[763]: AVC apparmor="STATUS" operation="profile_load" profile="unconfined" name="/usr/bin/lxc-start" pid=763 comm="apparmor_parser"
Oct 30 07:36:23 vagrant audit[764]: AVC apparmor="STATUS" operation="profile_load" profile="unconfined" name="/usr/lib/lxd/lxd-bridge-proxy" pid=764 comm="apparmor_parser"
Oct 30 07:36:23 vagrant audit[765]: AVC apparmor="STATUS" operation="profile_load" profile="unconfined" name="/usr/lib/snapd/snap-confine" pid=765 comm="apparmor_parser"
Oct 30 07:36:23 vagrant audit[765]: AVC apparmor="STATUS" operation="profile_load" profile="unconfined" name="/usr/lib/snapd/snap-confine//mount-namespace-capture-helper" pid=765 comm="apparmor_parser"
Oct 30 07:36:23 vagrant apparmor[655]: Skipping profile in /etc/apparmor.d/disable: usr.sbin.rsyslogd
Oct 30 07:36:23 vagrant audit[767]: AVC apparmor="STATUS" operation="profile_load" profile="unconfined" name="/usr/sbin/tcpdump" pid=767 comm="apparmor_parser"
Oct 30 07:36:23 vagrant kernel: [0;1;39maudit: type=1400 audit(1509348983.420:2): apparmor="STATUS" operation="profile_load" profile="unconfined" name="lxc-container-default" pid=761 comm="apparmor_parser"[0m
Oct 30 07:36:23 vagrant kernel: [0;1;39maudit: type=1400 audit(1509348983.420:3): apparmor="STATUS" operation="profile_load" profile="unconfined" name="lxc-container-default-cgns" pid=761 comm="apparmor_parser"[0m
Oct 30 07:36:23 vagrant kernel: [0;1;39maudit: type=1400 audit(1509348983.420:4): apparmor="STATUS" operation="profile_load" profile="unconfined" name="lxc-container-default-with-mounting" pid=761 comm="apparmor_parser"[0m
Oct 30 07:36:23 vagrant kernel: [0;1;39maudit: type=1400 audit(1509348983.420:5): apparmor="STATUS" operation="profile_load" profile="unconfined" name="lxc-container-default-with-nesting" pid=761 comm="apparmor_parser"[0m
Oct 30 07:36:23 vagrant kernel: [0;1;39maudit: type=1400 audit(1509348983.428:6): apparmor="STATUS" operation="profile_load" profile="unconfined" name="/sbin/dhclient" pid=762 comm="apparmor_parser"[0m
Oct 30 07:36:23 vagrant kernel: [0;1;39maudit: type=1400 audit(1509348983.428:7): apparmor="STATUS" operation="profile_load" profile="unconfined" name="/usr/lib/NetworkManager/nm-dhcp-client.action" pid=762 comm="apparmor_parser"[0m
Oct 30 07:36:23 vagrant kernel: [0;1;39maudit: type=1400 audit(1509348983.428:8): apparmor="STATUS" operation="profile_load" profile="unconfined" name="/usr/lib/NetworkManager/nm-dhcp-helper" pid=762 comm="apparmor_parser"[0m
Oct 30 07:36:23 vagrant kernel: [0;1;39maudit: type=1400 audit(1509348983.428:9): apparmor="STATUS" operation="profile_load" profile="unconfined" name="/usr/lib/connman/scripts/dhclient-script" pid=762 comm="apparmor_parser"[0m
Oct 30 07:36:23 vagrant kernel: snd_intel8x0 0000:00:05.0: intel8x0_measure_ac97_clock: measured 324758 usecs (23921 samples)
Oct 30 07:36:23 vagrant kernel: snd_intel8x0 0000:00:05.0: measured clock 73657 rejected
Oct 30 07:36:23 vagrant kernel: [0;1;39maudit: type=1400 audit(1509348983.432:10): apparmor="STATUS" operation="profile_load" profile="unconfined" name="/usr/bin/lxc-start" pid=763 comm="apparmor_parser"[0m
Oct 30 07:36:23 vagrant kernel: [0;1;39maudit: type=1400 audit(1509348983.432:11): apparmor="STATUS" operation="profile_load" profile="unconfined" name="/usr/lib/lxd/lxd-bridge-proxy" pid=764 comm="apparmor_parser"[0m
Oct 30 07:36:23 vagrant apparmor[655]:    ...done.
Oct 30 07:36:23 vagrant systemd[1]: Started LSB: AppArmor initialization.
Oct 30 07:36:23 vagrant systemd[1]: Started ifup for enp0s3.
Oct 30 07:36:23 vagrant systemd[1]: Starting Raise network interfaces...
Oct 30 07:36:23 vagrant systemd[1]: Started ifup for enp0s8.
Oct 30 07:36:23 vagrant kernel: IPv6: ADDRCONF(NETDEV_UP): enp0s8: link is not ready
Oct 30 07:36:23 vagrant kernel: e1000: enp0s8 NIC Link is Up 1000 Mbps Full Duplex, Flow Control: RX
Oct 30 07:36:23 vagrant kernel: IPv6: ADDRCONF(NETDEV_CHANGE): enp0s8: link becomes ready
Oct 30 07:36:23 vagrant kernel: [0;1;39mrandom: nonblocking pool is initialized[0m
Oct 30 07:36:23 vagrant systemd[1]: Found device /dev/mapper/vagrant--vg-swap_1.
Oct 30 07:36:23 vagrant systemd[1]: Activating swap /dev/mapper/vagrant--vg-swap_1...
Oct 30 07:36:23 vagrant kernel: ppdev: user-space parallel port driver
Oct 30 07:36:23 vagrant systemd[1]: Activated swap /dev/mapper/vagrant--vg-swap_1.
Oct 30 07:36:23 vagrant systemd[1]: Reached target Swap.
Oct 30 07:36:23 vagrant systemd[1]: Reached target System Initialization.
Oct 30 07:36:23 vagrant systemd[1]: Started Run certbot twice daily.
Oct 30 07:36:23 vagrant systemd[1]: Starting LXD - unix socket.
Oct 30 07:36:23 vagrant systemd[1]: Started Daily Cleanup of Temporary Directories.
Oct 30 07:36:23 vagrant systemd[1]: Started ACPI Events Check.
Oct 30 07:36:23 vagrant systemd[1]: Reached target Paths.
Oct 30 07:36:23 vagrant systemd[1]: Listening on ACPID Listen Socket.
Oct 30 07:36:23 vagrant systemd[1]: Listening on RPCbind Server Activation Socket.
Oct 30 07:36:23 vagrant systemd[1]: Started Renew letsencrypt certificates.
Oct 30 07:36:23 vagrant systemd[1]: Started Import currency rates in webinvoices.
Oct 30 07:36:23 vagrant systemd[1]: Listening on D-Bus System Message Bus Socket.
Oct 30 07:36:23 vagrant systemd[1]: Started Timer to automatically refresh installed snaps.
Oct 30 07:36:23 vagrant systemd[1]: Listening on UUID daemon activation socket.
Oct 30 07:36:23 vagrant systemd[1]: Starting Socket activation for snappy daemon.
Oct 30 07:36:23 vagrant systemd[1]: Listening on LXD - unix socket.
Oct 30 07:36:23 vagrant systemd[1]: Listening on Socket activation for snappy daemon.
Oct 30 07:36:23 vagrant systemd[1]: Reached target Sockets.
Oct 30 07:36:23 vagrant systemd[1]: Reached target Basic System.
Oct 30 07:36:23 vagrant systemd[1]: Started Deferred execution scheduler.
Oct 30 07:36:23 vagrant systemd[1]: Starting Certbot...
Oct 30 07:36:23 vagrant systemd[1]: Starting Accounts Service...
Oct 30 07:36:23 vagrant systemd[1]: Started Regular background program processing daemon.
Oct 30 07:36:23 vagrant cron[872]: (CRON) INFO (pidfile fd = 3)
Oct 30 07:36:23 vagrant systemd[1]: Started FUSE filesystem for LXC.
Oct 30 07:36:23 vagrant cron[872]: (CRON) INFO (Running @reboot jobs)
Oct 30 07:36:23 vagrant systemd[1]: Started D-Bus System Message Bus.
Oct 30 07:36:23 vagrant lxcfs[874]: hierarchies:
Oct 30 07:36:23 vagrant lxcfs[874]:   0: fd:   5: hugetlb
Oct 30 07:36:23 vagrant lxcfs[874]:   1: fd:   6: devices
Oct 30 07:36:23 vagrant lxcfs[874]:   2: fd:   7: memory
Oct 30 07:36:23 vagrant lxcfs[874]:   3: fd:   8: freezer
Oct 30 07:36:23 vagrant lxcfs[874]:   4: fd:   9: pids
Oct 30 07:36:23 vagrant lxcfs[874]:   5: fd:  10: perf_event
Oct 30 07:36:23 vagrant lxcfs[874]:   6: fd:  11: cpu,cpuacct
Oct 30 07:36:23 vagrant lxcfs[874]:   7: fd:  12: blkio
Oct 30 07:36:23 vagrant lxcfs[874]:   8: fd:  13: cpuset
Oct 30 07:36:23 vagrant lxcfs[874]:   9: fd:  14: net_cls,net_prio
Oct 30 07:36:23 vagrant lxcfs[874]:  10: fd:  15: name=systemd
Oct 30 07:36:23 vagrant dbus[875]: [0;1;39m[system] AppArmor D-Bus mediation is enabled[0m
Oct 30 07:36:23 vagrant systemd[1]: Starting LXD - container startup/shutdown...
Oct 30 07:36:23 vagrant systemd[1]: Starting System Logging Service...
Oct 30 07:36:23 vagrant systemd[1]: Starting vboxadd.service...
Oct 30 07:36:23 vagrant systemd[1]: Starting vboxadd-x11.service...
Oct 30 07:36:23 vagrant systemd[1]: Starting LSB: Record successful boot for GRUB...
Oct 30 07:36:23 vagrant systemd[1]: Starting Login Service...
Oct 30 07:36:23 vagrant systemd[1]: Started Snappy daemon.
Oct 30 07:36:23 vagrant acpid[911]: starting up with netlink and the input layer
Oct 30 07:36:23 vagrant systemd[1]: Starting LSB: MD monitoring daemon...
Oct 30 07:36:23 vagrant acpid[911]: 1 rule loaded
Oct 30 07:36:23 vagrant systemd[1]: Starting PostgreSQL Cluster 9.5-main...
Oct 30 07:36:23 vagrant acpid[911]: waiting for events: event logging is off
Oct 30 07:36:23 vagrant systemd[1]: Started ACPI event daemon.
Oct 30 07:36:23 vagrant systemd[1]: Starting Auto import assertions from block devices...
Oct 30 07:36:24 vagrant systemd[1]: Started Login Service.
Oct 30 07:36:24 vagrant systemd-logind[896]: Watching system buttons on /dev/input/event0 (Power Button)
Oct 30 07:36:24 vagrant systemd-logind[896]: Watching system buttons on /dev/input/event1 (Sleep Button)
Oct 30 07:36:24 vagrant systemd-logind[896]: Watching system buttons on /dev/input/event3 (Video Bus)
Oct 30 07:36:24 vagrant systemd-logind[896]: New seat seat0.
Oct 30 07:36:24 vagrant systemd[1]: Started System Logging Service.
Oct 30 07:36:24 vagrant mdadm[909]:  * Starting MD monitoring service mdadm --monitor
Oct 30 07:36:24 vagrant dbus[875]: [0;1;39m[system] Activating via systemd: service name='org.freedesktop.PolicyKit1' unit='polkitd.service'[0m
Oct 30 07:36:24 vagrant systemd[1]: Starting Authenticate and Authorize Users to Run Privileged Tasks...
Oct 30 07:36:24 vagrant mdadm[909]:    ...done.
Oct 30 07:36:24 vagrant kernel: Adding 1048572k swap on /dev/mapper/vagrant--vg-swap_1.  Priority:-1 extents:1 across:1048572k FS
Oct 30 07:36:24 vagrant kernel: [0;1;39mcgroup: new mount options do not match the existing superblock, will be ignored[0m
Oct 30 07:36:24 vagrant kernel: snd_intel8x0 0000:00:05.0: intel8x0_measure_ac97_clock: measured 269431 usecs (21134 samples)
Oct 30 07:36:24 vagrant kernel: snd_intel8x0 0000:00:05.0: measured clock 78439 rejected
Oct 30 07:36:24 vagrant systemd[1]: Started LSB: MD monitoring daemon.
Oct 30 07:36:24 vagrant systemd[1]: Started LSB: Record successful boot for GRUB.
Oct 30 07:36:24 vagrant snap[913]: auto-import is disabled on classic
Oct 30 07:36:24 vagrant polkitd[949]: started daemon version 0.105 using authority implementation `local' version `0.105'
Oct 30 07:36:24 vagrant systemd[1]: Started Auto import assertions from block devices.
Oct 30 07:36:24 vagrant dbus[875]: [0;1;39m[system] Successfully activated service 'org.freedesktop.PolicyKit1'[0m
Oct 30 07:36:24 vagrant systemd[1]: Started Authenticate and Authorize Users to Run Privileged Tasks.
Oct 30 07:36:24 vagrant accounts-daemon[870]: started daemon version 0.6.40
Oct 30 07:36:24 vagrant systemd[1]: Started Accounts Service.
Oct 30 07:36:24 vagrant systemd[1]: Started LXD - container startup/shutdown.
Oct 30 07:36:24 vagrant /usr/lib/snapd/snapd[906]: daemon.go:250: DEBUG: init done in 809.644µs
Oct 30 07:36:24 vagrant /usr/lib/snapd/snapd[906]: daemon.go:251: started snapd/2.26.10 (series 16; classic) ubuntu/16.04 (amd64) linux/4.4.0-92-generic.
Oct 30 07:36:24 vagrant snapd[906]: 2017/10/30 07:36:24.322463 daemon.go:251: started snapd/2.26.10 (series 16; classic) ubuntu/16.04 (amd64) linux/4.4.0-92-generic.
Oct 30 07:36:24 vagrant /usr/lib/snapd/snapd[906]: snapmgr.go:504: DEBUG: Next refresh scheduled for 2017-10-30 07:36:24.324050916 +0000 UTC.
Oct 30 07:36:24 vagrant /usr/lib/snapd/snapd[906]: snapmgr.go:411: Cannot prepare auto-refresh change: Post https://search.apps.ubuntu.com/api/v1/snaps/metadata: dial tcp: lookup search.apps.ubuntu.com on [::1]:53: read udp [::1]:39785->[::1]:53: read: connection refused
Oct 30 07:36:24 vagrant snapd[906]: 2017/10/30 07:36:24.330446 snapmgr.go:411: Cannot prepare auto-refresh change: Post https://search.apps.ubuntu.com/api/v1/snaps/metadata: dial tcp: lookup search.apps.ubuntu.com on [::1]:53: read udp [::1]:39785->[::1]:53: read: connection refused
Oct 30 07:36:24 vagrant /usr/lib/snapd/snapd[906]: stateengine.go:98: state ensure error: Post https://search.apps.ubuntu.com/api/v1/snaps/metadata: dial tcp: lookup search.apps.ubuntu.com on [::1]:53: read udp [::1]:39785->[::1]:53: read: connection refused
Oct 30 07:36:24 vagrant snapd[906]: 2017/10/30 07:36:24.330940 stateengine.go:98: state ensure error: Post https://search.apps.ubuntu.com/api/v1/snaps/metadata: dial tcp: lookup search.apps.ubuntu.com on [::1]:53: read udp [::1]:39785->[::1]:53: read: connection refused
Oct 30 07:36:24 vagrant systemd[1]: Reached target Sound Card.
Oct 30 07:36:24 vagrant kernel: snd_intel8x0 0000:00:05.0: intel8x0_measure_ac97_clock: measured 119195 usecs (13885 samples)
Oct 30 07:36:24 vagrant kernel: snd_intel8x0 0000:00:05.0: measured clock 116489 rejected
Oct 30 07:36:24 vagrant kernel: snd_intel8x0 0000:00:05.0: clocking to 48000
Oct 30 07:36:24 vagrant kernel: [drm] VRAM 00800000
Oct 30 07:36:24 vagrant kernel: [TTM] Zone  kernel: Available graphics memory: 508046 kiB
Oct 30 07:36:24 vagrant kernel: [TTM] Initializing pool allocator
Oct 30 07:36:24 vagrant kernel: [TTM] Initializing DMA pool allocator
Oct 30 07:36:24 vagrant kernel: fbcon: vboxdrmfb (fb0) is primary device
Oct 30 07:36:24 vagrant kernel: Console: switching to colour frame buffer device 100x37
Oct 30 07:36:24 vagrant kernel: vboxvideo 0000:00:02.0: fb0: vboxdrmfb frame buffer device
Oct 30 07:36:24 vagrant kernel: [drm] Initialized vboxvideo 1.0.0 20130823 for 0000:00:02.0 on minor 0
Oct 30 07:36:24 vagrant systemd[1]: Started Set console font and keymap.
Oct 30 07:36:24 vagrant systemd[1]: Created slice system-getty.slice.
Oct 30 07:36:25 vagrant vboxadd[893]: vboxadd.sh: Starting the VirtualBox Guest Additions.
Oct 30 07:36:25 vagrant vboxadd.sh[1030]: [0;1;39mStarting the VirtualBox Guest Additions.[0m
Oct 30 07:36:25 vagrant systemd[1]: Started vboxadd-x11.service.
Oct 30 07:36:25 vagrant kernel: vboxsf: Successfully loaded version 5.1.26 (interface 0x00010004)
Oct 30 07:36:25 vagrant dhclient[1066]: Internet Systems Consortium DHCP Client 4.3.3
Oct 30 07:36:25 vagrant sh[771]: Internet Systems Consortium DHCP Client 4.3.3
Oct 30 07:36:25 vagrant sh[771]: Copyright 2004-2015 Internet Systems Consortium.
Oct 30 07:36:25 vagrant sh[771]: All rights reserved.
Oct 30 07:36:25 vagrant sh[771]: For info, please visit https://www.isc.org/software/dhcp/
Oct 30 07:36:25 vagrant dhclient[1066]: Copyright 2004-2015 Internet Systems Consortium.
Oct 30 07:36:25 vagrant dhclient[1066]: All rights reserved.
Oct 30 07:36:25 vagrant dhclient[1066]: For info, please visit https://www.isc.org/software/dhcp/
Oct 30 07:36:25 vagrant dhclient[1066]: 
Oct 30 07:36:25 vagrant kernel: IPv6: ADDRCONF(NETDEV_UP): enp0s3: link is not ready
Oct 30 07:36:25 vagrant kernel: e1000: enp0s3 NIC Link is Up 1000 Mbps Full Duplex, Flow Control: RX
Oct 30 07:36:25 vagrant kernel: IPv6: ADDRCONF(NETDEV_CHANGE): enp0s3: link becomes ready
Oct 30 07:36:25 vagrant dhclient[1066]: Listening on LPF/enp0s3/08:00:27:a8:df:8b
Oct 30 07:36:25 vagrant sh[771]: Listening on LPF/enp0s3/08:00:27:a8:df:8b
Oct 30 07:36:25 vagrant dhclient[1066]: Sending on   LPF/enp0s3/08:00:27:a8:df:8b
Oct 30 07:36:25 vagrant sh[771]: Sending on   LPF/enp0s3/08:00:27:a8:df:8b
Oct 30 07:36:25 vagrant dhclient[1066]: Sending on   Socket/fallback
Oct 30 07:36:25 vagrant sh[771]: Sending on   Socket/fallback
Oct 30 07:36:25 vagrant dhclient[1066]: DHCPDISCOVER on enp0s3 to 255.255.255.255 port 67 interval 3 (xid=0x803a7f17)
Oct 30 07:36:25 vagrant sh[771]: DHCPDISCOVER on enp0s3 to 255.255.255.255 port 67 interval 3 (xid=0x803a7f17)
Oct 30 07:36:25 vagrant dhclient[1066]: DHCPREQUEST of 10.0.2.15 on enp0s3 to 255.255.255.255 port 67 (xid=0x177f3a80)
Oct 30 07:36:25 vagrant sh[771]: DHCPREQUEST of 10.0.2.15 on enp0s3 to 255.255.255.255 port 67 (xid=0x177f3a80)
Oct 30 07:36:25 vagrant sh[771]: DHCPOFFER of 10.0.2.15 from 10.0.2.2
Oct 30 07:36:25 vagrant dhclient[1066]: DHCPOFFER of 10.0.2.15 from 10.0.2.2
Oct 30 07:36:25 vagrant dhclient[1066]: DHCPACK of 10.0.2.15 from 10.0.2.2
Oct 30 07:36:25 vagrant sh[771]: DHCPACK of 10.0.2.15 from 10.0.2.2
Oct 30 07:36:25 vagrant dhclient[1066]: bound to 10.0.2.15 -- renewal in 33886 seconds.
Oct 30 07:36:25 vagrant sh[771]: bound to 10.0.2.15 -- renewal in 33886 seconds.
Oct 30 07:36:25 vagrant kernel: floppy0: no floppy controllers found
Oct 30 07:36:25 vagrant systemd[1]: Started Raise network interfaces.
Oct 30 07:36:25 vagrant systemd[1]: Reached target Network.
Oct 30 07:36:25 vagrant systemd[1]: Started Webinvoices.
Oct 30 07:36:25 vagrant systemd[1]: Started Webinvoices.
Oct 30 07:36:25 vagrant systemd[1]: Starting Advanced key-value store...
Oct 30 07:36:25 vagrant systemd[1]: Started Unattended Upgrades Shutdown.
Oct 30 07:36:25 vagrant systemd[1]: Started Webinvoices.
Oct 30 07:36:25 vagrant systemd[1]: Starting A high performance web server and a reverse proxy server...
Oct 30 07:36:25 vagrant systemd[1]: Started MailHog.
Oct 30 07:36:25 vagrant systemd[1]: Starting OpenBSD Secure Shell server...
Oct 30 07:36:25 vagrant systemd[1]: Reached target Network is Online.
Oct 30 07:36:25 vagrant systemd[1]: Started Daily apt download activities.
Oct 30 07:36:25 vagrant systemd[1]: Started Daily apt upgrade and clean activities.
Oct 30 07:36:25 vagrant systemd[1]: Reached target Timers.
Oct 30 07:36:25 vagrant systemd[1]: Starting /etc/rc.local Compatibility...
Oct 30 07:36:25 vagrant systemd[1]: Starting iSCSI initiator daemon (iscsid)...
Oct 30 07:36:25 vagrant systemd[1]: Started /etc/rc.local Compatibility.
Oct 30 07:36:25 vagrant systemd[1]: Starting Daily apt download activities...
Oct 30 07:36:25 vagrant uwsgi[1192]: realpath() of /opt/webinvoices/uwsgi.ini failed: No such file or directory [core/utils.c line 3616]
Oct 30 07:36:25 vagrant systemd[1]: [0;1;39mwebinvoices-web.service: Main process exited, code=exited, status=1/FAILURE[0m
Oct 30 07:36:25 vagrant systemd[1]: [0;1;39mwebinvoices-web.service: Unit entered failed state.[0m
Oct 30 07:36:25 vagrant systemd[1]: [0;1;39mwebinvoices-web.service: Failed with result 'exit-code'.[0m
Oct 30 07:36:25 vagrant iscsid[1220]: [0;1;39miSCSI logger with pid=1232 started![0m
Oct 30 07:36:25 vagrant systemd[1]: iscsid.service: Failed to read PID from file /run/iscsid.pid: Invalid argument
Oct 30 07:36:25 vagrant iscsid[1232]: [0;1;31miSCSI daemon with pid=1233 started![0m
Oct 30 07:36:25 vagrant systemd[1]: Started iSCSI initiator daemon (iscsid).
Oct 30 07:36:26 vagrant systemd[1]: Starting Login to default iSCSI targets...
Oct 30 07:36:26 vagrant mailhog[1198]: 2017/10/30 07:36:26 Using in-memory storage
Oct 30 07:36:26 vagrant iscsiadm[1237]: iscsiadm: No records found
Oct 30 07:36:26 vagrant mailhog[1198]: [HTTP] Binding to address: 0.0.0.0:8025
Oct 30 07:36:26 vagrant mailhog[1198]: 2017/10/30 07:36:26 Serving under http://0.0.0.0:8025/
Oct 30 07:36:26 vagrant mailhog[1198]: Creating API v1 with WebPath:
Oct 30 07:36:26 vagrant run-parts[1191]: run-parts: executing /etc/redis/redis-server.pre-up.d/00_example
Oct 30 07:36:26 vagrant systemd[1]: Started Login to default iSCSI targets.
Oct 30 07:36:26 vagrant systemd[1]: Reached target Remote File Systems (Pre).
Oct 30 07:36:26 vagrant systemd[1]: Reached target Remote File Systems.
Oct 30 07:36:26 vagrant systemd[1]: Starting LSB: daemon to balance interrupts for SMP systems...
Oct 30 07:36:26 vagrant systemd[1]: Starting LSB: automatic crash report generation...
Oct 30 07:36:26 vagrant systemd[1]: Starting LSB: Set the CPU Frequency Scaling governor to "ondemand"...
Oct 30 07:36:26 vagrant systemd[1]: Starting LSB: Start/stop sysstat's sadc...
Oct 30 07:36:26 vagrant systemd[1]: Starting Permit User Sessions...
Oct 30 07:36:26 vagrant systemd[1]: webinvoices-web.service: Service hold-off time over, scheduling restart.
Oct 30 07:36:26 vagrant systemd[1]: Stopped Webinvoices.
Oct 30 07:36:26 vagrant systemd[1]: Started Webinvoices.
Oct 30 07:36:26 vagrant systemd[1]: Started Permit User Sessions.
Oct 30 07:36:26 vagrant systemd[1]: [0;1;39mwebinvoices-web.service: Main process exited, code=exited, status=1/FAILURE[0m
Oct 30 07:36:26 vagrant sshd[1204]: Server listening on 0.0.0.0 port 22.
Oct 30 07:36:26 vagrant mailhog[1198]: 2017/10/30 07:36:26 [SMTP] Binding to address: 0.0.0.0:1025
Oct 30 07:36:26 vagrant systemd[1]: [0;1;39mwebinvoices-web.service: Unit entered failed state.[0m
Oct 30 07:36:26 vagrant sshd[1204]: Server listening on :: port 22.
Oct 30 07:36:26 vagrant systemd[1]: [0;1;39mwebinvoices-web.service: Failed with result 'exit-code'.[0m
Oct 30 07:36:26 vagrant uwsgi[1263]: realpath() of /opt/webinvoices/uwsgi.ini failed: No such file or directory [core/utils.c line 3616]
Oct 30 07:36:26 vagrant mailhog[1198]: Creating API v2 with WebPath:
Oct 30 07:36:26 vagrant systemd[1]: Started OpenBSD Secure Shell server.
Oct 30 07:36:26 vagrant systemd[1]: Starting Terminate Plymouth Boot Screen...
Oct 30 07:36:26 vagrant systemd[1]: Starting Hold until boot process finishes up...
Oct 30 07:36:26 vagrant irqbalance[1247]:  * Starting SMP IRQ Balancer: irqbalance
Oct 30 07:36:26 vagrant systemd[1]: Started Hold until boot process finishes up.
Oct 30 07:36:26 vagrant apport[1248]:  * Starting automatic crash report generation: apport
Oct 30 07:36:26 vagrant systemd[1]: Started LSB: Start/stop sysstat's sadc.
Oct 30 07:36:26 vagrant systemd[1]: Started Terminate Plymouth Boot Screen.
Oct 30 07:36:26 vagrant uwsgi[1310]: realpath() of /opt/webinvoices/uwsgi.ini failed: No such file or directory [core/utils.c line 3616]
Oct 30 07:36:26 vagrant systemd[1]: Starting Set console scheme...
Oct 30 07:36:26 vagrant systemd[1]: Started Getty on tty1.
Oct 30 07:36:26 vagrant systemd[1]: Reached target Login Prompts.
Oct 30 07:36:26 vagrant systemd[1]: Started Set console scheme.
Oct 30 07:36:26 vagrant systemd[1]: webinvoices-web.service: Service hold-off time over, scheduling restart.
Oct 30 07:36:26 vagrant systemd[1]: Stopped Webinvoices.
Oct 30 07:36:26 vagrant systemd[1]: Started Webinvoices.
Oct 30 07:36:26 vagrant systemd[1]: Started LSB: Set the CPU Frequency Scaling governor to "ondemand".
Oct 30 07:36:26 vagrant systemd[1]: [0;1;39mwebinvoices-web.service: Main process exited, code=exited, status=1/FAILURE[0m
Oct 30 07:36:26 vagrant systemd[1]: [0;1;39mwebinvoices-web.service: Unit entered failed state.[0m
Oct 30 07:36:26 vagrant systemd[1]: [0;1;39mwebinvoices-web.service: Failed with result 'exit-code'.[0m
Oct 30 07:36:26 vagrant apport[1248]:    ...done.
Oct 30 07:36:26 vagrant /usr/sbin/irqbalance[1315]: [0;1;39mBalancing is ineffective on systems with a single cpu.  Shutting down[0m
Oct 30 07:36:26 vagrant systemd[1]: Started LSB: automatic crash report generation.
Oct 30 07:36:26 vagrant irqbalance[1247]:    ...done.
Oct 30 07:36:26 vagrant systemd[1]: Started LSB: daemon to balance interrupts for SMP systems.
Oct 30 07:36:26 vagrant systemd[1]: webinvoices-web.service: Service hold-off time over, scheduling restart.
Oct 30 07:36:26 vagrant systemd[1]: Stopped Webinvoices.
Oct 30 07:36:26 vagrant systemd[1]: Started Webinvoices.
Oct 30 07:36:26 vagrant uwsgi[1335]: realpath() of /opt/webinvoices/uwsgi.ini failed: No such file or directory [core/utils.c line 3616]
Oct 30 07:36:26 vagrant systemd[1]: [0;1;39mwebinvoices-web.service: Main process exited, code=exited, status=1/FAILURE[0m
Oct 30 07:36:26 vagrant systemd[1]: [0;1;39mwebinvoices-web.service: Unit entered failed state.[0m
Oct 30 07:36:26 vagrant systemd[1]: [0;1;39mwebinvoices-web.service: Failed with result 'exit-code'.[0m
Oct 30 07:36:26 vagrant systemd[1]: Started Daily apt download activities.
Oct 30 07:36:26 vagrant systemd[1]: Starting Daily apt upgrade and clean activities...
Oct 30 07:36:26 vagrant systemd[1]: webinvoices-web.service: Service hold-off time over, scheduling restart.
Oct 30 07:36:26 vagrant systemd[1]: Stopped Webinvoices.
Oct 30 07:36:26 vagrant systemd[1]: Started Webinvoices.
Oct 30 07:36:26 vagrant uwsgi[1353]: realpath() of /opt/webinvoices/uwsgi.ini failed: No such file or directory [core/utils.c line 3616]
Oct 30 07:36:26 vagrant systemd[1]: [0;1;39mwebinvoices-web.service: Main process exited, code=exited, status=1/FAILURE[0m
Oct 30 07:36:26 vagrant systemd[1]: [0;1;39mwebinvoices-web.service: Unit entered failed state.[0m
Oct 30 07:36:26 vagrant systemd[1]: [0;1;39mwebinvoices-web.service: Failed with result 'exit-code'.[0m
Oct 30 07:36:26 vagrant systemd[1]: nginx.service: Failed to read PID from file /run/nginx.pid: Invalid argument
Oct 30 07:36:26 vagrant systemd[1]: Started A high performance web server and a reverse proxy server.
Oct 30 07:36:26 vagrant systemd[1]: Started Daily apt upgrade and clean activities.
Oct 30 07:36:26 vagrant run-parts[1352]: run-parts: executing /etc/redis/redis-server.post-up.d/00_example
Oct 30 07:36:26 vagrant systemd[1]: Started Advanced key-value store.
Oct 30 07:36:26 vagrant vboxadd-x11.sh[1388]: [0;1;39mInstalling the Window System drivers.[0m
Oct 30 07:36:26 vagrant vboxadd[893]: Could not find the X.Org or XFree86 Window System, skipping.
Oct 30 07:36:26 vagrant vboxadd.sh[1396]: [0;1;39m.[0m
Oct 30 07:36:26 vagrant systemd[1]: webinvoices-web.service: Service hold-off time over, scheduling restart.
Oct 30 07:36:26 vagrant systemd[1]: Stopped Webinvoices.
Oct 30 07:36:26 vagrant systemd[1]: [0;1;39mwebinvoices-web.service: Start request repeated too quickly.[0m
Oct 30 07:36:26 vagrant systemd[1]: [0;1;31mFailed to start Webinvoices.[0m
Oct 30 07:36:26 vagrant systemd[1]: Started vboxadd.service.
Oct 30 07:36:26 vagrant systemd[1]: Starting vboxadd-service.service...
Oct 30 07:36:26 vagrant vboxadd-service[1398]: vboxadd-service.sh: Starting VirtualBox Guest Addition service.
Oct 30 07:36:26 vagrant vboxadd-service.sh[1403]: [0;1;39mStarting VirtualBox Guest Addition service.[0m
Oct 30 07:36:26 vagrant kernel: [0;1;39mVBoxService 5.1.26 r117224 (verbosity: 0) linux.amd64 (Jul 27 2017 13:45:26) release log[0m
                                [0;1;39m00:00:00.000106 main     Log opened 2017-10-30T07:36:26.700765000Z[0m
Oct 30 07:36:26 vagrant kernel: [0;1;39m00:00:00.000200 main     OS Product: Linux[0m
Oct 30 07:36:26 vagrant kernel: [0;1;39m00:00:00.000235 main     OS Release: 4.4.0-92-generic[0m
Oct 30 07:36:26 vagrant kernel: [0;1;39m00:00:00.000264 main     OS Version: #115-Ubuntu SMP Thu Aug 10 09:04:33 UTC 2017[0m
Oct 30 07:36:26 vagrant kernel: [0;1;39m00:00:00.000294 main     Executable: /opt/VBoxGuestAdditions-5.1.26/sbin/VBoxService[0m
                                [0;1;39m00:00:00.000295 main     Process ID: 1406[0m
                                [0;1;39m00:00:00.000295 main     Package type: LINUX_64BITS_GENERIC[0m
Oct 30 07:36:26 vagrant vboxadd-service.sh[1410]: [0;1;39mVirtualBox Guest Addition service started.[0m
Oct 30 07:36:26 vagrant kernel: [0;1;39m00:00:00.002745 main     5.1.26 r117224 started. Verbose level = 0[0m
Oct 30 07:36:26 vagrant systemd[1]: Started vboxadd-service.service.
Oct 30 07:36:27 vagrant systemd[1]: Started Certbot.
Oct 30 07:36:27 vagrant sshd[1428]: Accepted publickey for vagrant from 10.0.2.2 port 58891 ssh2: RSA SHA256:gQeNHsT/3AcoJkrm6C3WFk2vPA4+2D+ZIbAjUbQ7ieU
Oct 30 07:36:27 vagrant sshd[1428]: pam_unix(sshd:session): session opened for user vagrant by (uid=0)
Oct 30 07:36:27 vagrant systemd[1]: Created slice User Slice of vagrant.
Oct 30 07:36:27 vagrant systemd[1]: Starting User Manager for UID 1000...
Oct 30 07:36:27 vagrant systemd[1432]: pam_unix(systemd-user:session): session opened for user vagrant by (uid=0)
Oct 30 07:36:27 vagrant systemd[1]: Started Session 1 of user vagrant.
Oct 30 07:36:27 vagrant systemd-logind[896]: New session 1 of user vagrant.
Oct 30 07:36:27 vagrant systemd[1432]: Reached target Timers.
Oct 30 07:36:27 vagrant systemd[1432]: Reached target Sockets.
Oct 30 07:36:27 vagrant systemd[1432]: Reached target Paths.
Oct 30 07:36:27 vagrant systemd[1432]: Reached target Basic System.
Oct 30 07:36:27 vagrant systemd[1432]: Reached target Default.
Oct 30 07:36:27 vagrant systemd[1432]: Startup finished in 37ms.
Oct 30 07:36:27 vagrant systemd[1]: Started User Manager for UID 1000.
Oct 30 07:36:27 vagrant systemd[1]: Started PostgreSQL Cluster 9.5-main.
Oct 30 07:36:27 vagrant systemd[1]: Starting PostgreSQL RDBMS...
Oct 30 07:36:27 vagrant systemd[1]: Started PostgreSQL RDBMS.
Oct 30 07:36:27 vagrant systemd[1]: Reached target Multi-User System.
Oct 30 07:36:27 vagrant systemd[1]: Reached target Graphical Interface.
Oct 30 07:36:27 vagrant systemd[1]: Starting Update UTMP about System Runlevel Changes...
Oct 30 07:36:27 vagrant systemd[1]: Started Update UTMP about System Runlevel Changes.
Oct 30 07:36:27 vagrant systemd[1]: Startup finished in 6.086s (kernel) + 5.652s (userspace) = 11.739s.
Oct 30 07:36:28 vagrant node[1190]: Listening on http://localhost:8080/
Oct 30 07:36:29 vagrant celery[1189]: Traceback (most recent call last):
Oct 30 07:36:29 vagrant celery[1189]:   File "/usr/local/bin/celery", line 11, in <module>
Oct 30 07:36:29 vagrant celery[1189]:     sys.exit(main())
Oct 30 07:36:29 vagrant celery[1189]:   File "/usr/local/lib/python3.6/dist-packages/celery/__main__.py", line 14, in main
Oct 30 07:36:29 vagrant celery[1189]:     _main()
Oct 30 07:36:29 vagrant celery[1189]:   File "/usr/local/lib/python3.6/dist-packages/celery/bin/celery.py", line 326, in main
Oct 30 07:36:29 vagrant celery[1189]:     cmd.execute_from_commandline(argv)
Oct 30 07:36:29 vagrant celery[1189]:   File "/usr/local/lib/python3.6/dist-packages/celery/bin/celery.py", line 488, in execute_from_commandline
Oct 30 07:36:29 vagrant celery[1189]:     super(CeleryCommand, self).execute_from_commandline(argv)))
Oct 30 07:36:29 vagrant celery[1189]:   File "/usr/local/lib/python3.6/dist-packages/celery/bin/base.py", line 279, in execute_from_commandline
Oct 30 07:36:29 vagrant celery[1189]:     argv = self.setup_app_from_commandline(argv)
Oct 30 07:36:29 vagrant celery[1189]:   File "/usr/local/lib/python3.6/dist-packages/celery/bin/base.py", line 481, in setup_app_from_commandline
Oct 30 07:36:29 vagrant celery[1189]:     self.app = self.find_app(app)
Oct 30 07:36:29 vagrant celery[1189]:   File "/usr/local/lib/python3.6/dist-packages/celery/bin/base.py", line 503, in find_app
Oct 30 07:36:29 vagrant celery[1189]:     return find_app(app, symbol_by_name=self.symbol_by_name)
Oct 30 07:36:29 vagrant celery[1189]:   File "/usr/local/lib/python3.6/dist-packages/celery/app/utils.py", line 355, in find_app
Oct 30 07:36:29 vagrant celery[1189]:     sym = symbol_by_name(app, imp=imp)
Oct 30 07:36:29 vagrant celery[1189]:   File "/usr/local/lib/python3.6/dist-packages/celery/bin/base.py", line 506, in symbol_by_name
Oct 30 07:36:29 vagrant celery[1189]:     return imports.symbol_by_name(name, imp=imp)
Oct 30 07:36:29 vagrant celery[1189]:   File "/usr/local/lib/python3.6/dist-packages/kombu/utils/imports.py", line 56, in symbol_by_name
Oct 30 07:36:29 vagrant celery[1189]:     module = imp(module_name, package=package, **kwargs)
Oct 30 07:36:29 vagrant celery[1189]:   File "/usr/local/lib/python3.6/dist-packages/celery/utils/imports.py", line 101, in import_from_cwd
Oct 30 07:36:29 vagrant celery[1189]:     return imp(module, package=package)
Oct 30 07:36:29 vagrant celery[1189]:   File "/usr/lib/python3.6/importlib/__init__.py", line 126, in import_module
Oct 30 07:36:29 vagrant celery[1189]:     return _bootstrap._gcd_import(name[level:], package, level)
Oct 30 07:36:29 vagrant celery[1189]:   File "<frozen importlib._bootstrap>", line 978, in _gcd_import
Oct 30 07:36:29 vagrant celery[1189]:   File "<frozen importlib._bootstrap>", line 961, in _find_and_load
Oct 30 07:36:29 vagrant celery[1189]:   File "<frozen importlib._bootstrap>", line 948, in _find_and_load_unlocked
Oct 30 07:36:29 vagrant celery[1189]: ModuleNotFoundError: No module named 'src'
Oct 30 07:36:29 vagrant systemd[1]: [0;1;39mwebinvoices-celery.service: Main process exited, code=exited, status=1/FAILURE[0m
Oct 30 07:36:29 vagrant systemd[1]: [0;1;39mwebinvoices-celery.service: Unit entered failed state.[0m
Oct 30 07:36:29 vagrant systemd[1]: [0;1;39mwebinvoices-celery.service: Failed with result 'exit-code'.[0m
Oct 30 07:36:29 vagrant systemd[1]: webinvoices-celery.service: Service hold-off time over, scheduling restart.
Oct 30 07:36:29 vagrant systemd[1]: Stopped Webinvoices.
Oct 30 07:36:29 vagrant systemd[1]: Started Webinvoices.
Oct 30 07:36:29 vagrant sudo[1598]: [0;1;39m vagrant : TTY=unknown ; PWD=/home/vagrant ; USER=root ; COMMAND=/bin/bash -l[0m
Oct 30 07:36:29 vagrant sudo[1598]: pam_unix(sudo:session): session opened for user root by (uid=0)
Oct 30 07:36:29 vagrant sudo[1598]: pam_unix(sudo:session): session closed for user root
Oct 30 07:36:29 vagrant sudo[1611]: [0;1;39m vagrant : TTY=unknown ; PWD=/home/vagrant ; USER=root ; COMMAND=/bin/bash -l[0m
Oct 30 07:36:29 vagrant sudo[1611]: pam_unix(sudo:session): session opened for user root by (uid=0)
Oct 30 07:36:30 vagrant kernel: IPv6: ADDRCONF(NETDEV_UP): enp0s8: link is not ready
Oct 30 07:36:30 vagrant systemd[1]: Reloading OpenBSD Secure Shell server.
Oct 30 07:36:30 vagrant sshd[1204]: Received SIGHUP; restarting.
Oct 30 07:36:30 vagrant sudo[1611]: pam_unix(sudo:session): session closed for user root
Oct 30 07:36:30 vagrant systemd[1]: Reloaded OpenBSD Secure Shell server.
Oct 30 07:36:30 vagrant sshd[1204]: Server listening on 0.0.0.0 port 22.
Oct 30 07:36:30 vagrant sshd[1204]: Server listening on :: port 22.
Oct 30 07:36:30 vagrant sudo[1709]: [0;1;39m vagrant : TTY=unknown ; PWD=/home/vagrant ; USER=root ; COMMAND=/bin/bash -l[0m
Oct 30 07:36:30 vagrant sudo[1709]: pam_unix(sudo:session): session opened for user root by (uid=0)
Oct 30 07:36:30 vagrant sudo[1709]: pam_unix(sudo:session): session closed for user root
Oct 30 07:36:30 vagrant sudo[1715]: [0;1;39m vagrant : TTY=unknown ; PWD=/home/vagrant ; USER=root ; COMMAND=/bin/bash -l[0m
Oct 30 07:36:30 vagrant sudo[1715]: pam_unix(sudo:session): session opened for user root by (uid=0)
Oct 30 07:36:30 vagrant sudo[1715]: pam_unix(sudo:session): session closed for user root
Oct 30 07:36:30 vagrant sudo[1722]: [0;1;39m vagrant : TTY=unknown ; PWD=/home/vagrant ; USER=root ; COMMAND=/bin/bash -l[0m
Oct 30 07:36:30 vagrant sudo[1722]: pam_unix(sudo:session): session opened for user root by (uid=0)
Oct 30 07:36:30 vagrant sudo[1722]: pam_unix(sudo:session): session closed for user root
Oct 30 07:36:30 vagrant celery[1592]: Traceback (most recent call last):
Oct 30 07:36:30 vagrant celery[1592]:   File "/usr/local/bin/celery", line 11, in <module>
Oct 30 07:36:30 vagrant celery[1592]:     sys.exit(main())
Oct 30 07:36:30 vagrant celery[1592]:   File "/usr/local/lib/python3.6/dist-packages/celery/__main__.py", line 14, in main
Oct 30 07:36:30 vagrant celery[1592]:     _main()
Oct 30 07:36:30 vagrant celery[1592]:   File "/usr/local/lib/python3.6/dist-packages/celery/bin/celery.py", line 326, in main
Oct 30 07:36:30 vagrant celery[1592]:     cmd.execute_from_commandline(argv)
Oct 30 07:36:30 vagrant celery[1592]:   File "/usr/local/lib/python3.6/dist-packages/celery/bin/celery.py", line 488, in execute_from_commandline
Oct 30 07:36:30 vagrant celery[1592]:     super(CeleryCommand, self).execute_from_commandline(argv)))
Oct 30 07:36:30 vagrant celery[1592]:   File "/usr/local/lib/python3.6/dist-packages/celery/bin/base.py", line 279, in execute_from_commandline
Oct 30 07:36:30 vagrant celery[1592]:     argv = self.setup_app_from_commandline(argv)
Oct 30 07:36:30 vagrant celery[1592]:   File "/usr/local/lib/python3.6/dist-packages/celery/bin/base.py", line 481, in setup_app_from_commandline
Oct 30 07:36:30 vagrant celery[1592]:     self.app = self.find_app(app)
Oct 30 07:36:30 vagrant celery[1592]:   File "/usr/local/lib/python3.6/dist-packages/celery/bin/base.py", line 503, in find_app
Oct 30 07:36:30 vagrant celery[1592]:     return find_app(app, symbol_by_name=self.symbol_by_name)
Oct 30 07:36:30 vagrant celery[1592]:   File "/usr/local/lib/python3.6/dist-packages/celery/app/utils.py", line 355, in find_app
Oct 30 07:36:30 vagrant celery[1592]:     sym = symbol_by_name(app, imp=imp)
Oct 30 07:36:30 vagrant celery[1592]:   File "/usr/local/lib/python3.6/dist-packages/celery/bin/base.py", line 506, in symbol_by_name
Oct 30 07:36:30 vagrant celery[1592]:     return imports.symbol_by_name(name, imp=imp)
Oct 30 07:36:30 vagrant celery[1592]:   File "/usr/local/lib/python3.6/dist-packages/kombu/utils/imports.py", line 56, in symbol_by_name
Oct 30 07:36:30 vagrant celery[1592]:     module = imp(module_name, package=package, **kwargs)
Oct 30 07:36:30 vagrant celery[1592]:   File "/usr/local/lib/python3.6/dist-packages/celery/utils/imports.py", line 101, in import_from_cwd
Oct 30 07:36:30 vagrant celery[1592]:     return imp(module, package=package)
Oct 30 07:36:30 vagrant celery[1592]:   File "/usr/lib/python3.6/importlib/__init__.py", line 126, in import_module
Oct 30 07:36:30 vagrant celery[1592]:     return _bootstrap._gcd_import(name[level:], package, level)
Oct 30 07:36:30 vagrant celery[1592]:   File "<frozen importlib._bootstrap>", line 978, in _gcd_import
Oct 30 07:36:30 vagrant celery[1592]:   File "<frozen importlib._bootstrap>", line 961, in _find_and_load
Oct 30 07:36:30 vagrant celery[1592]:   File "<frozen importlib._bootstrap>", line 948, in _find_and_load_unlocked
Oct 30 07:36:30 vagrant celery[1592]: ModuleNotFoundError: No module named 'src'
Oct 30 07:36:30 vagrant sudo[1728]: [0;1;39m vagrant : TTY=unknown ; PWD=/home/vagrant ; USER=root ; COMMAND=/bin/bash -l[0m
Oct 30 07:36:30 vagrant sudo[1728]: pam_unix(sudo:session): session opened for user root by (uid=0)
Oct 30 07:36:30 vagrant sudo[1728]: pam_unix(sudo:session): session closed for user root
Oct 30 07:36:30 vagrant systemd[1]: [0;1;39mwebinvoices-celery.service: Main process exited, code=exited, status=1/FAILURE[0m
Oct 30 07:36:30 vagrant systemd[1]: [0;1;39mwebinvoices-celery.service: Unit entered failed state.[0m
Oct 30 07:36:30 vagrant systemd[1]: [0;1;39mwebinvoices-celery.service: Failed with result 'exit-code'.[0m
Oct 30 07:36:30 vagrant systemd[1]: webinvoices-celery.service: Service hold-off time over, scheduling restart.
Oct 30 07:36:30 vagrant systemd[1]: Stopped Webinvoices.
Oct 30 07:36:30 vagrant systemd[1]: Started Webinvoices.
Oct 30 07:36:30 vagrant sudo[1751]: [0;1;39m vagrant : TTY=unknown ; PWD=/home/vagrant ; USER=root ; COMMAND=/bin/bash -l[0m
Oct 30 07:36:31 vagrant sudo[1751]: pam_unix(sudo:session): session opened for user root by (uid=0)
Oct 30 07:36:31 vagrant sudo[1751]: pam_unix(sudo:session): session closed for user root
Oct 30 07:36:31 vagrant sudo[1757]: [0;1;39m vagrant : TTY=unknown ; PWD=/home/vagrant ; USER=root ; COMMAND=/bin/bash -l[0m
Oct 30 07:36:31 vagrant sudo[1757]: pam_unix(sudo:session): session opened for user root by (uid=0)
Oct 30 07:36:31 vagrant sudo[1757]: pam_unix(sudo:session): session closed for user root
Oct 30 07:36:31 vagrant sudo[1765]: [0;1;39m vagrant : TTY=unknown ; PWD=/home/vagrant ; USER=root ; COMMAND=/bin/bash -l[0m
Oct 30 07:36:31 vagrant sudo[1765]: pam_unix(sudo:session): session opened for user root by (uid=0)
Oct 30 07:36:31 vagrant sudo[1765]: pam_unix(sudo:session): session closed for user root
Oct 30 07:36:31 vagrant sudo[1773]: [0;1;39m vagrant : TTY=unknown ; PWD=/home/vagrant ; USER=root ; COMMAND=/bin/bash -l[0m
Oct 30 07:36:31 vagrant sudo[1773]: pam_unix(sudo:session): session opened for user root by (uid=0)
Oct 30 07:36:31 vagrant sudo[1773]: pam_unix(sudo:session): session closed for user root
Oct 30 07:36:31 vagrant sshd[1428]: pam_unix(sshd:session): session closed for user vagrant
Oct 30 07:36:31 vagrant systemd-logind[896]: Removed session 1.
Oct 30 07:36:31 vagrant systemd[1]: Stopping User Manager for UID 1000...
Oct 30 07:36:31 vagrant systemd[1432]: Reached target Shutdown.
Oct 30 07:36:31 vagrant systemd[1432]: Stopped target Default.
Oct 30 07:36:31 vagrant systemd[1432]: Stopped target Basic System.
Oct 30 07:36:31 vagrant systemd[1432]: Stopped target Paths.
Oct 30 07:36:31 vagrant systemd[1432]: Starting Exit the Session...
Oct 30 07:36:31 vagrant systemd[1432]: Stopped target Timers.
Oct 30 07:36:31 vagrant systemd[1432]: Stopped target Sockets.
Oct 30 07:36:31 vagrant systemd[1432]: Received SIGRTMIN+24 from PID 1780 (kill).
Oct 30 07:36:31 vagrant systemd[1]: Stopped User Manager for UID 1000.
Oct 30 07:36:31 vagrant systemd[1]: Removed slice User Slice of vagrant.
Oct 30 07:36:31 vagrant sshd[1786]: Did not receive identification string from 10.0.2.2
Oct 30 07:36:32 vagrant kernel: e1000: enp0s8 NIC Link is Up 1000 Mbps Full Duplex, Flow Control: RX
Oct 30 07:36:32 vagrant kernel: IPv6: ADDRCONF(NETDEV_CHANGE): enp0s8: link becomes ready
Oct 30 07:36:32 vagrant celery[1735]: Traceback (most recent call last):
Oct 30 07:36:32 vagrant celery[1735]:   File "/usr/local/lib/python3.6/dist-packages/kombu/utils/objects.py", line 42, in __get__
Oct 30 07:36:32 vagrant celery[1735]:     return obj.__dict__[self.__name__]
Oct 30 07:36:32 vagrant celery[1735]: KeyError: 'data'
Oct 30 07:36:32 vagrant celery[1735]: During handling of the above exception, another exception occurred:
Oct 30 07:36:32 vagrant celery[1735]: Traceback (most recent call last):
Oct 30 07:36:32 vagrant celery[1735]:   File "/usr/local/bin/celery", line 11, in <module>
Oct 30 07:36:32 vagrant celery[1735]:     sys.exit(main())
Oct 30 07:36:32 vagrant celery[1735]:   File "/usr/local/lib/python3.6/dist-packages/celery/__main__.py", line 14, in main
Oct 30 07:36:32 vagrant celery[1735]:     _main()
Oct 30 07:36:32 vagrant celery[1735]:   File "/usr/local/lib/python3.6/dist-packages/celery/bin/celery.py", line 326, in main
Oct 30 07:36:32 vagrant celery[1735]:     cmd.execute_from_commandline(argv)
Oct 30 07:36:32 vagrant celery[1735]:   File "/usr/local/lib/python3.6/dist-packages/celery/bin/celery.py", line 488, in execute_from_commandline
Oct 30 07:36:32 vagrant celery[1735]:     super(CeleryCommand, self).execute_from_commandline(argv)))
Oct 30 07:36:32 vagrant celery[1735]:   File "/usr/local/lib/python3.6/dist-packages/celery/bin/base.py", line 281, in execute_from_commandline
Oct 30 07:36:32 vagrant celery[1735]:     return self.handle_argv(self.prog_name, argv[1:])
Oct 30 07:36:32 vagrant celery[1735]:   File "/usr/local/lib/python3.6/dist-packages/celery/bin/celery.py", line 480, in handle_argv
Oct 30 07:36:32 vagrant celery[1735]:     return self.execute(command, argv)
Oct 30 07:36:32 vagrant celery[1735]:   File "/usr/local/lib/python3.6/dist-packages/celery/bin/celery.py", line 412, in execute
Oct 30 07:36:32 vagrant celery[1735]:     ).run_from_argv(self.prog_name, argv[1:], command=argv[0])
Oct 30 07:36:32 vagrant celery[1735]:   File "/usr/local/lib/python3.6/dist-packages/celery/bin/worker.py", line 219, in run_from_argv
Oct 30 07:36:32 vagrant celery[1735]:     *self.parse_options(prog_name, argv, command))
Oct 30 07:36:32 vagrant celery[1735]:   File "/usr/local/lib/python3.6/dist-packages/celery/bin/base.py", line 403, in parse_options
Oct 30 07:36:32 vagrant celery[1735]:     self.parser = self.create_parser(prog_name, command)
Oct 30 07:36:32 vagrant celery[1735]:   File "/usr/local/lib/python3.6/dist-packages/celery/bin/base.py", line 419, in create_parser
Oct 30 07:36:32 vagrant celery[1735]:     self.add_arguments(parser)
Oct 30 07:36:32 vagrant celery[1735]:   File "/usr/local/lib/python3.6/dist-packages/celery/bin/worker.py", line 275, in add_arguments
Oct 30 07:36:32 vagrant celery[1735]:     default=conf.worker_state_db,
Oct 30 07:36:32 vagrant celery[1735]:   File "/usr/local/lib/python3.6/dist-packages/celery/utils/collections.py", line 130, in __getattr__
Oct 30 07:36:32 vagrant celery[1735]:     return self[k]
Oct 30 07:36:32 vagrant celery[1735]:   File "/usr/local/lib/python3.6/dist-packages/celery/utils/collections.py", line 431, in __getitem__
Oct 30 07:36:32 vagrant celery[1735]:     return getitem(k)
Oct 30 07:36:32 vagrant celery[1735]:   File "/usr/local/lib/python3.6/dist-packages/celery/utils/collections.py", line 280, in __getitem__
Oct 30 07:36:32 vagrant celery[1735]:     return mapping[_key]
Oct 30 07:36:32 vagrant celery[1735]:   File "/usr/lib/python3.6/collections/__init__.py", line 989, in __getitem__
Oct 30 07:36:32 vagrant celery[1735]:     if key in self.data:
Oct 30 07:36:32 vagrant celery[1735]:   File "/usr/local/lib/python3.6/dist-packages/kombu/utils/objects.py", line 44, in __get__
Oct 30 07:36:32 vagrant celery[1735]:     value = obj.__dict__[self.__name__] = self.__get(obj)
Oct 30 07:36:32 vagrant celery[1735]:   File "/usr/local/lib/python3.6/dist-packages/celery/app/base.py", line 148, in data
Oct 30 07:36:32 vagrant celery[1735]:     return self.callback()
Oct 30 07:36:32 vagrant celery[1735]:   File "/usr/local/lib/python3.6/dist-packages/celery/app/base.py", line 911, in _finalize_pending_conf
Oct 30 07:36:32 vagrant celery[1735]:     conf = self._conf = self._load_config()
Oct 30 07:36:32 vagrant celery[1735]:   File "/usr/local/lib/python3.6/dist-packages/celery/app/base.py", line 921, in _load_config
Oct 30 07:36:32 vagrant celery[1735]:     self.loader.config_from_object(self._config_source)
Oct 30 07:36:32 vagrant celery[1735]:   File "/usr/local/lib/python3.6/dist-packages/celery/loaders/base.py", line 133, in config_from_object
Oct 30 07:36:32 vagrant celery[1735]:     self._conf = force_mapping(obj)
Oct 30 07:36:32 vagrant celery[1735]:   File "/usr/local/lib/python3.6/dist-packages/celery/utils/collections.py", line 50, in force_mapping
Oct 30 07:36:32 vagrant celery[1735]:     if isinstance(m, (LazyObject, LazySettings)):
Oct 30 07:36:32 vagrant celery[1735]:   File "/usr/local/lib/python3.6/dist-packages/django/utils/functional.py", line 238, in inner
Oct 30 07:36:32 vagrant celery[1735]:     self._setup()
Oct 30 07:36:32 vagrant celery[1735]:   File "/usr/local/lib/python3.6/dist-packages/django/conf/__init__.py", line 41, in _setup
Oct 30 07:36:32 vagrant celery[1735]:     self._wrapped = Settings(settings_module)
Oct 30 07:36:32 vagrant celery[1735]:   File "/usr/local/lib/python3.6/dist-packages/django/conf/__init__.py", line 110, in __init__
Oct 30 07:36:32 vagrant celery[1735]:     mod = importlib.import_module(self.SETTINGS_MODULE)
Oct 30 07:36:32 vagrant celery[1735]:   File "/usr/lib/python3.6/importlib/__init__.py", line 126, in import_module
Oct 30 07:36:32 vagrant celery[1735]:     return _bootstrap._gcd_import(name[level:], package, level)
Oct 30 07:36:32 vagrant celery[1735]:   File "<frozen importlib._bootstrap>", line 978, in _gcd_import
Oct 30 07:36:32 vagrant celery[1735]:   File "<frozen importlib._bootstrap>", line 961, in _find_and_load
Oct 30 07:36:32 vagrant celery[1735]:   File "<frozen importlib._bootstrap>", line 950, in _find_and_load_unlocked
Oct 30 07:36:32 vagrant celery[1735]:   File "<frozen importlib._bootstrap>", line 655, in _load_unlocked
Oct 30 07:36:32 vagrant celery[1735]:   File "<frozen importlib._bootstrap_external>", line 678, in exec_module
Oct 30 07:36:32 vagrant celery[1735]:   File "<frozen importlib._bootstrap>", line 205, in _call_with_frames_removed
Oct 30 07:36:32 vagrant celery[1735]:   File "/opt/webinvoices/src/settings.py", line 268, in <module>
Oct 30 07:36:32 vagrant celery[1735]:     'release': raven.fetch_git_sha(os.path.dirname(os.pardir)),
Oct 30 07:36:32 vagrant celery[1735]:   File "/usr/local/lib/python3.6/dist-packages/raven/versioning.py", line 25, in fetch_git_sha
Oct 30 07:36:32 vagrant celery[1735]:     'Cannot identify HEAD for git repository at %s' % (path,))
Oct 30 07:36:32 vagrant celery[1735]: raven.exceptions.InvalidGitRepository: Cannot identify HEAD for git repository at
Oct 30 07:36:32 vagrant systemd[1]: [0;1;39mwebinvoices-celery.service: Main process exited, code=exited, status=1/FAILURE[0m
Oct 30 07:36:32 vagrant systemd[1]: [0;1;39mwebinvoices-celery.service: Unit entered failed state.[0m
Oct 30 07:36:32 vagrant systemd[1]: [0;1;39mwebinvoices-celery.service: Failed with result 'exit-code'.[0m
Oct 30 07:36:32 vagrant systemd[1]: webinvoices-celery.service: Service hold-off time over, scheduling restart.
Oct 30 07:36:32 vagrant systemd[1]: Stopped Webinvoices.
Oct 30 07:36:32 vagrant systemd[1]: Started Webinvoices.
Oct 30 07:36:35 vagrant celery[1790]: [2017-10-30 07:36:35,731: INFO/Beat] beat: Starting...
Oct 30 07:36:35 vagrant celery[1790]: [2017-10-30 07:36:35,738: INFO/MainProcess] Connected to redis://localhost:6379//
Oct 30 07:36:35 vagrant celery[1790]: [2017-10-30 07:36:35,756: INFO/MainProcess] mingle: searching for neighbors
Oct 30 07:36:35 vagrant celery[1790]: [2017-10-30 07:36:35,803: INFO/Beat] Scheduler: Sending due task search-vector-every-10-minutes (invoices.tasks.update_search_vector)
Oct 30 07:36:36 vagrant celery[1790]: [2017-10-30 07:36:36,805: INFO/MainProcess] mingle: all alone
Oct 30 07:36:36 vagrant celery[1790]: [2017-10-30 07:36:36,819: WARNING/MainProcess] /usr/local/lib/python3.6/dist-packages/celery/fixups/django.py:202: UserWarning: Using settings.DEBUG leads to a memory leak, never use this setting in production environments!
Oct 30 07:36:36 vagrant celery[1790]:   warnings.warn('Using settings.DEBUG leads to a memory leak, never '
Oct 30 07:36:36 vagrant celery[1790]: [2017-10-30 07:36:36,819: INFO/MainProcess] celery@vagrant ready.
Oct 30 07:36:37 vagrant celery[1790]: [2017-10-30 07:36:37,050: INFO/MainProcess] Received task: invoices.tasks.update_search_vector[92fbcefa-098e-4052-ac1f-2ef4ba9676b6]
Oct 30 07:36:39 vagrant celery[1790]: [2017-10-30 07:36:39,675: INFO/ForkPoolWorker-2] Task invoices.tasks.update_search_vector[92fbcefa-098e-4052-ac1f-2ef4ba9676b6] succeeded in 2.620622248s: None
Oct 30 07:37:26 vagrant mailhog[1198]: [APIv1] KEEPALIVE /api/v1/events
Oct 30 07:38:00 vagrant sshd[1805]: Accepted publickey for vagrant from 10.0.2.2 port 58925 ssh2: RSA SHA256:gQeNHsT/3AcoJkrm6C3WFk2vPA4+2D+ZIbAjUbQ7ieU
Oct 30 07:38:00 vagrant sshd[1805]: pam_unix(sshd:session): session opened for user vagrant by (uid=0)
Oct 30 07:38:00 vagrant systemd[1]: Created slice User Slice of vagrant.
Oct 30 07:38:00 vagrant systemd[1]: Starting User Manager for UID 1000...
Oct 30 07:38:00 vagrant systemd[1807]: pam_unix(systemd-user:session): session opened for user vagrant by (uid=0)
Oct 30 07:38:00 vagrant systemd-logind[896]: New session 2 of user vagrant.
Oct 30 07:38:00 vagrant systemd[1]: Started Session 2 of user vagrant.
Oct 30 07:38:00 vagrant systemd[1807]: Reached target Timers.
Oct 30 07:38:00 vagrant systemd[1807]: Reached target Sockets.
Oct 30 07:38:00 vagrant systemd[1807]: Reached target Paths.
Oct 30 07:38:00 vagrant systemd[1807]: Reached target Basic System.
Oct 30 07:38:00 vagrant systemd[1807]: Reached target Default.
Oct 30 07:38:00 vagrant systemd[1807]: Startup finished in 30ms.
Oct 30 07:38:00 vagrant systemd[1]: Started User Manager for UID 1000.
Oct 30 07:38:26 vagrant mailhog[1198]: [APIv1] KEEPALIVE /api/v1/events
Oct 30 07:38:28 vagrant sudo[1866]: [0;1;39m vagrant : TTY=pts/1 ; PWD=/opt/webinvoices ; USER=root ; COMMAND=/bin/systemctl restart webinvoices-web[0m
Oct 30 07:38:28 vagrant sudo[1866]: pam_unix(sudo:session): session opened for user root by vagrant(uid=0)
Oct 30 07:38:28 vagrant systemd[1]: Stopped Webinvoices.
Oct 30 07:38:28 vagrant systemd[1]: Started Webinvoices.
Oct 30 07:38:28 vagrant sudo[1866]: pam_unix(sudo:session): session closed for user root
Oct 30 07:38:28 vagrant uwsgi[1869]: [uWSGI] getting INI configuration from /opt/webinvoices/uwsgi.ini
Oct 30 07:38:28 vagrant uwsgi[1869]: [uwsgi-static] added mapping for /static => rates/static/
Oct 30 07:39:26 vagrant mailhog[1198]: [APIv1] KEEPALIVE /api/v1/events
Oct 30 07:40:26 vagrant mailhog[1198]: [APIv1] KEEPALIVE /api/v1/events
Oct 30 07:41:15 vagrant sudo[1919]: [0;1;39m vagrant : TTY=pts/1 ; PWD=/opt/webinvoices ; USER=root ; COMMAND=/bin/systemctl restart webinvoices-web[0m
Oct 30 07:41:15 vagrant sudo[1919]: pam_unix(sudo:session): session opened for user root by vagrant(uid=0)
Oct 30 07:41:15 vagrant systemd[1]: Stopping Webinvoices...
Oct 30 07:41:15 vagrant systemd[1]: [0;1;39mwebinvoices-web.service: Main process exited, code=exited, status=30/n/a[0m
Oct 30 07:41:15 vagrant systemd[1]: Stopped Webinvoices.
Oct 30 07:41:15 vagrant systemd[1]: [0;1;39mwebinvoices-web.service: Unit entered failed state.[0m
Oct 30 07:41:15 vagrant systemd[1]: [0;1;39mwebinvoices-web.service: Failed with result 'exit-code'.[0m
Oct 30 07:41:15 vagrant systemd[1]: Started Webinvoices.
Oct 30 07:41:15 vagrant sudo[1919]: pam_unix(sudo:session): session closed for user root
Oct 30 07:41:15 vagrant uwsgi[1923]: [uWSGI] getting INI configuration from /opt/webinvoices/uwsgi.ini
Oct 30 07:41:15 vagrant uwsgi[1923]: [uwsgi-static] added mapping for /static => rates/static/
Oct 30 07:41:26 vagrant mailhog[1198]: [APIv1] KEEPALIVE /api/v1/events
Oct 30 07:42:26 vagrant mailhog[1198]: [APIv1] KEEPALIVE /api/v1/events
Oct 30 07:43:26 vagrant mailhog[1198]: [APIv1] KEEPALIVE /api/v1/events
Oct 30 07:44:26 vagrant mailhog[1198]: [APIv1] KEEPALIVE /api/v1/events
Oct 30 07:45:01 vagrant CRON[1966]: pam_unix(cron:session): session opened for user root by (uid=0)
Oct 30 07:45:01 vagrant CRON[1967]: (root) CMD (command -v debian-sa1 > /dev/null && debian-sa1 1 1)
Oct 30 07:45:01 vagrant CRON[1966]: pam_unix(cron:session): session closed for user root
Oct 30 07:45:26 vagrant mailhog[1198]: [APIv1] KEEPALIVE /api/v1/events
Oct 30 07:46:26 vagrant mailhog[1198]: [APIv1] KEEPALIVE /api/v1/events
Oct 30 07:46:35 vagrant celery[1790]: [2017-10-30 07:46:35,865: INFO/Beat] Scheduler: Sending due task search-vector-every-10-minutes (invoices.tasks.update_search_vector)
